--------- beginning of main
08-20 11:48:15.598 25679 28356 I SyncCalibrator: track:  | Lemongrass - La Nuit
08-20 11:48:15.599 25679 27355 I SyncCalibrator: priming reference ring (16s)…
08-20 11:48:31.600 25679 28356 I SyncCalibrator: measuring baseline (PFFM10 [S] vs ONEPLUS A3003 [S])…
08-20 11:48:44.271 25679 28356 I SyncCalibrator: peaks: 106.8ms(z=12.5), 101.4ms(z=12.4), 147.8ms(z=11.4), 122.3ms(z=8.8), 180.3ms(z=7.3), 200.6ms(z=7.2), 258.5ms(z=7.1), 244.4ms(z=7.0), 475.8ms(z=6.7), 452.7ms(z=5.5), 550.0ms(z=4.9), 501.8ms(z=4.8)
08-20 11:48:44.271 25679 28356 I SyncCalibrator: baseline capture 2/3…
08-20 11:48:56.936 25679 28356 I SyncCalibrator: peaks: 160.2ms(z=9.6), 116.0ms(z=9.5), 105.7ms(z=9.2), 131.5ms(z=8.9), 538.0ms(z=6.6), 844.4ms(z=6.4), 472.8ms(z=6.0), 550.7ms(z=5.7), 467.7ms(z=5.6), 799.7ms(z=5.0), 923.2ms(z=5.0), 775.7ms(z=4.9)
08-20 11:48:56.936 25679 28356 I SyncCalibrator: baseline capture 3/3…
08-20 11:49:09.593 25679 28356 I SyncCalibrator: peaks: 123.8ms(z=10.3), 129.5ms(z=8.8), 107.4ms(z=8.2), 111.8ms(z=7.6), 890.2ms(z=6.6), 1415.7ms(z=6.2), 860.5ms(z=5.1), 867.3ms(z=4.8), 1438.0ms(z=4.7), 1406.4ms(z=4.7), 963.8ms(z=4.6), 1389.2ms(z=4.1)
08-20 11:49:09.593 25679 28356 I SyncCalibrator: probing PFFM10 [S] + ONEPLUS A3003 [S]…
08-20 11:49:29.259 25679 28934 I SyncCalibrator: peaks: 198.0ms(z=10.0), 224.2ms(z=8.1), 247.9ms(z=8.1), 191.8ms(z=7.9), 605.3ms(z=7.3), 1006.3ms(z=7.1), 673.0ms(z=6.4), 637.8ms(z=6.2), 943.1ms(z=6.0), 612.2ms(z=5.9), 1010.8ms(z=5.4), 1044.3ms(z=5.0)
08-20 11:49:29.260 25679 28934 I SyncCalibrator: probe capture 2/6…
08-20 11:49:41.925 25679 28934 I SyncCalibrator: peaks: 197.3ms(z=11.3), 190.5ms(z=10.4), 213.1ms(z=10.1), 217.3ms(z=9.1), 591.9ms(z=7.4), 576.2ms(z=7.1), 558.3ms(z=6.3), 361.6ms(z=6.2), 314.3ms(z=6.2), 608.1ms(z=5.9), 330.3ms(z=5.5), 301.8ms(z=5.5)
08-20 11:49:41.926 25679 28934 I SyncCalibrator: probe capture 3/6…
08-20 11:49:54.586 25679 28934 I SyncCalibrator: peaks: 200.3ms(z=20.2), 224.6ms(z=9.6), 217.3ms(z=8.7), 236.6ms(z=8.3), 1700.3ms(z=8.2), 650.0ms(z=7.8), 583.2ms(z=7.4), 589.1ms(z=6.9), 624.5ms(z=6.3), 1776.2ms(z=6.2), 1738.1ms(z=6.1), 1692.6ms(z=6.0)
08-20 11:49:54.587 25679 28934 I SyncCalibrator: probe capture 4/6…
08-20 11:49:54.587 25679 28934 I SyncCalibrator: ONEPLUS A3003 [S]: abandoning the harvest round's remaining 3 capture(s) — 3 probes produced no attribution and no rescue candidate, and the extra captures exist only to feed levels this round can no longer harvest
08-20 11:49:54.588 25679 28934 W SyncCalibrator: pair ONEPLUS A3003 [S] failed: reference speaker PFFM10 [S] was not found at its expected probe position (baseline+90ms) — it is masked below the shared-capture correlation floor. Its solo level is fine; do not raise volumes. (rescue candidates=0, timeline drift 0ms) — restoring latency -60
08-20 11:49:54.589 25679 27347 I SyncCalibrator: ONEPLUS A3003 [S]: reference speaker PFFM10 [S] was not found at its expected probe position (baseline+90ms) — it is masked below the shared-capture correlation floor. Its solo level is fine; do not raise volumes. (rescue candidates=0, timeline drift 0ms)
08-20 11:49:54.590 25679 27347 I SyncCalibrator: ONEPLUS A3003 [S]: retrying with a 60% detectability boost
08-20 11:49:54.590 25679 27347 I SyncCalibrator: boosting device volume for detectability (2 speaker(s))
08-20 11:50:01.599 25679 27347 I SyncCalibrator: measuring baseline (PFFM10 [S] vs ONEPLUS A3003 [S])…
08-20 11:50:14.271 25679 27347 I SyncCalibrator: peaks: 110.7ms(z=14.3), 126.9ms(z=11.2), 118.0ms(z=11.2), 150.7ms(z=9.7), 1635.5ms(z=7.9), 3160.7ms(z=6.8), 1646.3ms(z=6.7), 1627.3ms(z=5.9), 1606.3ms(z=5.8), 3131.8ms(z=5.7), 3105.2ms(z=5.6), 3120.5ms(z=5.1)
08-20 11:50:14.271 25679 27347 I SyncCalibrator: baseline capture 2/3…
08-20 11:50:26.922 25679 27347 I SyncCalibrator: peaks: 113.0ms(z=15.7), 106.8ms(z=13.2), 135.4ms(z=12.5), 152.4ms(z=11.6), 3148.1ms(z=10.7), 3108.0ms(z=9.1), 1608.4ms(z=8.8), 3165.4ms(z=8.4), 3173.6ms(z=7.8), 1604.2ms(z=6.8), 1626.0ms(z=5.6), 1645.2ms(z=5.5)
08-20 11:50:26.922 25679 27347 I SyncCalibrator: baseline capture 3/3…
08-20 11:50:39.556 25679 27347 I SyncCalibrator: peaks: 100.3ms(z=10.4), 132.1ms(z=9.6), 1601.8ms(z=9.6), 108.2ms(z=9.3), 149.4ms(z=9.0), 3108.9ms(z=8.2), 3122.3ms(z=6.1), 1608.2ms(z=5.8), 1634.2ms(z=5.6), 3149.8ms(z=5.5), 1640.1ms(z=5.5), 3187.2ms(z=5.3)
08-20 11:50:39.556 25679 27347 I SyncCalibrator: probing PFFM10 [S] + ONEPLUS A3003 [S]…
08-20 11:50:59.220 25679 28356 I SyncCalibrator: peaks: 282.0ms(z=13.3), 240.5ms(z=10.1), 3225.3ms(z=8.6), 308.6ms(z=8.3), 1687.0ms(z=8.2), 3188.0ms(z=8.0), 222.9ms(z=6.9), 1757.7ms(z=5.8), 3246.8ms(z=5.7), 1706.2ms(z=5.4), 3281.6ms(z=5.4), 1724.3ms(z=5.4)
08-20 11:50:59.223 25679 28356 I SyncCalibrator: probe capture 2/3…
08-20 11:51:11.893 25679 28356 I SyncCalibrator: peaks: 203.8ms(z=12.5), 191.8ms(z=11.9), 3188.0ms(z=11.3), 216.0ms(z=9.8), 182.5ms(z=8.0), 3196.0ms(z=7.2), 3183.6ms(z=6.8), 1687.4ms(z=6.8), 1693.0ms(z=6.4), 3203.0ms(z=6.4), 1711.3ms(z=5.0), 1738.0ms(z=4.7)
08-20 11:51:11.901 25679 28356 I SyncCalibrator: probe capture 3/3…
08-20 11:51:24.557 25679 28356 I SyncCalibrator: peaks: 199.9ms(z=13.5), 211.2ms(z=13.0), 217.2ms(z=12.0), 245.9ms(z=11.2), 429.2ms(z=7.0), 355.4ms(z=6.0), 3216.8ms(z=6.0), 407.6ms(z=5.7), 3200.8ms(z=5.5), 373.3ms(z=5.2), 3196.5ms(z=4.9), 3247.8ms(z=4.9)
08-20 11:51:24.564 25679 28356 I SyncCalibrator: ONEPLUS A3003 [S]: probe samples=[-48, -48, -48] weights=[10, 10, 10] weighted-median=-48ms
08-20 11:51:24.564 25679 28356 I SyncCalibrator: pair PFFM10 [S]/ONEPLUS A3003 [S]: delta=-48ms latency -60 -> -108
08-20 11:51:24.564 25679 28356 I SyncCalibrator: applying -108ms to ONEPLUS A3003 [S], verifying…
08-20 11:51:44.246 25679 27355 I SyncCalibrator: peaks: 155.5ms(z=7.5), 112.3ms(z=6.7), 98.6ms(z=6.6), 2204.6ms(z=6.4), 168.3ms(z=6.3), 2932.7ms(z=5.6), 2143.6ms(z=4.8), 2279.2ms(z=4.6), 2869.2ms(z=4.4), 2155.3ms(z=4.4), 2971.1ms(z=4.2), 2907.8ms(z=4.1)
08-20 11:51:44.247 25679 27355 I SyncCalibrator: measurement inconclusive, retrying…
08-20 11:52:04.893 25679 27347 I SyncCalibrator: peaks: 123.3ms(z=8.4), 109.7ms(z=8.1), 127.7ms(z=7.9), 176.4ms(z=7.9), 3568.6ms(z=5.8), 1190.8ms(z=5.8), 1233.6ms(z=4.8), 3587.4ms(z=4.7), 1260.2ms(z=4.5), 1114.8ms(z=4.2), 3634.2ms(z=4.1), 3611.0ms(z=4.1)
08-20 11:52:04.893 25679 27347 W SyncCalibrator: pair ONEPLUS A3003 [S] failed: verify baseline failed — restoring latency -60
08-20 11:52:04.894 25679 27347 I SyncCalibrator: ONEPLUS A3003 [S]: verify baseline failed
08-20 11:52:04.895 25679 27347 I SyncCalibrator: ONEPLUS A3003 [S]: retrying with a 75% detectability boost
08-20 11:52:04.895 25679 27347 I SyncCalibrator: boosting ONEPLUS A3003 [S] to 75% for detectability
08-20 11:52:04.896 25679 27347 I SyncCalibrator: boosting device volume for detectability (1 speaker(s))
08-20 11:52:11.901 25679 27355 I SyncCalibrator: measuring baseline (PFFM10 [S] vs ONEPLUS A3003 [S])…
08-20 11:52:24.562 25679 27355 I SyncCalibrator: peaks: 164.3ms(z=9.4), 205.3ms(z=8.9), 191.3ms(z=8.8), 158.4ms(z=8.8), 3191.4ms(z=6.5), 3183.4ms(z=6.4), 1721.1ms(z=6.2), 1709.1ms(z=6.1), 1773.8ms(z=5.8), 1744.3ms(z=5.6), 3220.3ms(z=5.5), 3197.8ms(z=5.1)
08-20 11:52:24.562 25679 27355 I SyncCalibrator: baseline capture 2/3…
08-20 11:52:35.722 25679 28356 I SyncCalibrator: track:  | Nacho Sotomayor - I believe (Newey Instrumentals Mix)
08-20 11:52:37.223 25679 27355 I SyncCalibrator: peaks: 103.3ms(z=24.2), 112.8ms(z=21.4), 98.8ms(z=18.2), 179.8ms(z=14.1), 184.0ms(z=10.7), 192.3ms(z=7.7), 210.8ms(z=7.5), 3120.1ms(z=6.4), 3128.0ms(z=4.8), 3102.5ms(z=4.6), 3182.8ms(z=4.4)
08-20 11:52:37.223 25679 27355 I SyncCalibrator: baseline capture 3/3…
08-20 11:52:49.890 25679 27355 I SyncCalibrator: peaks: 127.1ms(z=11.7), 3877.0ms(z=10.9), 111.9ms(z=9.9), 121.3ms(z=9.3), 102.2ms(z=9.1), 3530.2ms(z=9.0), 3830.9ms(z=8.9), 3540.7ms(z=8.5), 3858.2ms(z=8.3), 3566.2ms(z=8.2), 3468.3ms(z=7.8), 3870.4ms(z=7.5)
08-20 11:52:49.890 25679 27355 I SyncCalibrator: probing PFFM10 [S] + ONEPLUS A3003 [S]…
08-20 11:53:09.571 25679 27346 I SyncCalibrator: peaks: 287.3ms(z=10.2), 354.2ms(z=8.9), 328.3ms(z=8.0), 226.3ms(z=7.9), 1253.7ms(z=5.8), 2321.2ms(z=5.6), 1291.0ms(z=5.1), 1303.6ms(z=5.0), 1198.1ms(z=4.7), 2300.0ms(z=4.2), 2289.4ms(z=4.2), 2274.2ms(z=4.0)
08-20 11:53:10.011 25679 27346 I SyncCalibrator: probe capture 2/3…
08-20 11:53:22.675 25679 27346 I SyncCalibrator: peaks: 192.8ms(z=10.6), 332.1ms(z=8.6), 200.8ms(z=8.0), 182.8ms(z=7.9), 308.4ms(z=7.7), 300.4ms(z=7.1), 262.8ms(z=7.1), 290.1ms(z=7.1), 714.7ms(z=6.8), 775.3ms(z=6.1), 635.9ms(z=4.4), 792.8ms(z=4.4)
08-20 11:53:22.676 25679 27346 I SyncCalibrator: probe capture 3/3…
08-20 11:53:35.340 25679 27346 I SyncCalibrator: peaks: 196.2ms(z=12.1), 310.4ms(z=10.2), 321.3ms(z=9.9), 306.3ms(z=9.0), 360.8ms(z=8.6), 229.2ms(z=6.5), 266.2ms(z=6.4), 208.8ms(z=6.2), 2020.5ms(z=6.1), 2029.2ms(z=4.5), 1959.0ms(z=4.3), 1950.8ms(z=4.1)
08-20 11:53:35.344 25679 27346 I SyncCalibrator: ONEPLUS A3003 [S]: probe samples=[-79, 24] weights=[10, 10] weighted-median=24ms
08-20 11:53:35.344 25679 27346 I SyncCalibrator: pair PFFM10 [S]/ONEPLUS A3003 [S]: delta=24ms latency -60 -> -36
08-20 11:53:42.348 25679 27347 I SyncCalibrator: ONEPLUS A3003 [S]: sync used a boost — re-reading levels at the real volumes…
08-20 11:53:55.011 25679 27347 I SyncCalibrator: peaks: 105.2ms(z=17.6), 121.8ms(z=13.7), 128.2ms(z=13.6), 141.3ms(z=11.4), 1716.9ms(z=6.5), 252.3ms(z=6.3), 318.5ms(z=5.8), 332.3ms(z=5.8), 267.6ms(z=5.3), 1679.5ms(z=4.5), 1675.1ms(z=4.3), 1748.9ms(z=4.2)
08-20 11:53:55.011 25679 27347 I SyncCalibrator: ONEPLUS A3003 [S]: probing for levels…
08-20 11:53:55.011 25679 27347 I SyncCalibrator: balance: levels-only probe PFFM10 [S]→-90ms ONEPLUS A3003 [S]→-530ms (offsets 90/470, expected spacing 404ms from a standing 24ms)
08-20 11:54:14.681 25679 27347 I SyncCalibrator: peaks: 589.4ms(z=10.5), 263.5ms(z=9.6), 226.9ms(z=8.5), 201.7ms(z=7.8), 622.4ms(z=7.8), 598.8ms(z=7.7), 246.9ms(z=7.6), 614.2ms(z=7.3), 1278.5ms(z=6.4), 1306.0ms(z=4.5), 1213.6ms(z=4.5), 1326.4ms(z=4.3)
08-20 11:54:14.839 25679 27347 I SyncCalibrator: levels capture 2/6…
08-20 11:54:27.520 25679 27347 I SyncCalibrator: peaks: 207.8ms(z=7.7), 197.9ms(z=7.6), 264.9ms(z=7.4), 214.3ms(z=7.1), 632.5ms(z=6.9), 592.6ms(z=6.1), 649.6ms(z=5.6), 458.1ms(z=5.6), 586.7ms(z=5.6), 482.8ms(z=5.0), 464.3ms(z=4.6), 399.1ms(z=4.6)
08-20 11:54:27.520 25679 27347 I SyncCalibrator: measurement inconclusive, retrying…
08-20 11:54:48.203 25679 28356 I SyncCalibrator: peaks: 198.6ms(z=10.4), 222.3ms(z=8.7), 202.9ms(z=8.1), 208.3ms(z=8.0), 2841.7ms(z=5.9), 581.7ms(z=5.5), 598.4ms(z=5.0), 659.5ms(z=4.6), 2885.5ms(z=4.5), 628.7ms(z=4.5), 2856.3ms(z=4.5), 2895.6ms(z=4.4)
08-20 11:54:48.363 25679 28356 I SyncCalibrator: balance: levels-only capture 1 could not identify the pair — at their real volumes one speaker is under the floor
08-20 11:54:48.363 25679 28356 I SyncCalibrator: levels capture 3/6…
08-20 11:55:01.006 25679 28356 I SyncCalibrator: peaks: 202.8ms(z=13.3), 238.8ms(z=9.0), 220.5ms(z=7.9), 210.0ms(z=7.5), 473.0ms(z=6.0), 984.3ms(z=5.9), 480.8ms(z=5.0), 948.5ms(z=4.9), 1050.2ms(z=4.5), 430.4ms(z=4.5), 1031.3ms(z=4.2), 530.4ms(z=4.2)
08-20 11:55:01.165 25679 28356 I SyncCalibrator: balance: levels-only capture 2 could not identify the pair — at their real volumes one speaker is under the floor
08-20 11:55:01.165 25679 28356 I SyncCalibrator: levels capture 4/6…
08-20 11:55:13.836 25679 28356 I SyncCalibrator: peaks: 231.8ms(z=9.7), 195.0ms(z=9.3), 203.9ms(z=9.0), 216.1ms(z=8.3), 659.7ms(z=6.7), 1817.9ms(z=6.1), 665.3ms(z=5.9), 596.8ms(z=5.6), 586.6ms(z=5.6), 1805.3ms(z=4.9), 1755.4ms(z=4.2), 1776.7ms(z=4.1)
08-20 11:55:13.994 25679 28356 I SyncCalibrator: levels capture 5/6…
08-20 11:55:26.655 25679 28356 I SyncCalibrator: peaks: 611.6ms(z=9.7), 204.8ms(z=9.3), 233.2ms(z=8.9), 213.3ms(z=8.6), 228.1ms(z=8.6), 601.8ms(z=7.4), 989.5ms(z=7.3), 592.6ms(z=6.7), 606.7ms(z=6.2), 978.4ms(z=5.4), 982.7ms(z=5.1), 1023.5ms(z=4.4)
08-20 11:55:26.655 25679 28356 I SyncCalibrator: levels capture 6/6…
08-20 11:55:39.300 25679 28356 I SyncCalibrator: peaks: 203.3ms(z=22.0), 207.5ms(z=12.5), 193.3ms(z=11.5), 219.6ms(z=10.9), 598.3ms(z=10.2), 609.2ms(z=9.1), 626.9ms(z=7.1), 637.8ms(z=6.3), 817.4ms(z=6.0), 797.0ms(z=4.7), 762.5ms(z=4.7), 743.3ms(z=4.3)
08-20 11:55:39.365 25679 28356 I SyncCalibrator: level capture 0: PFFM10 [S]@201.7ms=2.258e-05 ONEPLUS A3003 [S]@589.4ms=1.939e-05 delta=-1.3dB (anchored on ONEPLUS A3003 [S], spacing 404ms, seed 363ms)
08-20 11:55:39.432 25679 28356 I SyncCalibrator: level capture 1: PFFM10 [S]@195.0ms=2.601e-05 ONEPLUS A3003 [S]@576.9ms=1.610e-05 delta=-4.2dB (anchored on PFFM10 [S], spacing 404ms, seed 382ms)
08-20 11:55:39.488 25679 28356 I SyncCalibrator: level capture 2: PFFM10 [S]@204.8ms=2.368e-05 ONEPLUS A3003 [S]@611.6ms=1.701e-05 delta=-2.9dB (anchored on ONEPLUS A3003 [S], spacing 404ms, seed 407ms)
08-20 11:55:39.551 25679 28356 I SyncCalibrator: level capture 3: PFFM10 [S]@203.3ms=5.980e-05 ONEPLUS A3003 [S]@598.3ms=2.065e-05 delta=-9.2dB (anchored on PFFM10 [S], spacing 404ms, seed 416ms)
08-20 11:55:39.554 25679 27347 I SyncCalibrator: balance: levels-only round for ONEPLUS A3003 [S] harvested 4 capture(s)
08-20 11:55:39.554 25679 27347 I SyncCalibrator: done: ONEPLUS A3003 [S]: already aligned (Δ24ms within deadband)
08-20 11:55:39.557 25679 27347 I SyncCalibrator: balance: capture 0 PFFM10 [S]=1.00(raw=2.258e-05), ONEPLUS A3003 [S]=0.86(raw=1.939e-05)
08-20 11:55:39.558 25679 27347 I SyncCalibrator: balance: capture 1 PFFM10 [S]=1.00(raw=2.601e-05), ONEPLUS A3003 [S]=0.62(raw=1.610e-05)
08-20 11:55:39.559 25679 27347 I SyncCalibrator: balance: capture 2 PFFM10 [S]=1.00(raw=2.368e-05), ONEPLUS A3003 [S]=0.72(raw=1.701e-05)
08-20 11:55:39.560 25679 27347 I SyncCalibrator: balance: capture 3 PFFM10 [S]=1.00(raw=5.980e-05), ONEPLUS A3003 [S]=0.35(raw=2.065e-05)
08-20 11:55:39.562 25679 27347 I SyncCalibrator: balance: 71930978-3389-442e-ad7e-ea82c03f54e1 level +1.8dB from 4/4 agreeing capture(s) (spread 4.0dB)
08-20 11:55:39.563 25679 27347 I SyncCalibrator: balance: b2c1e902-5d92-4de7-a60b-725d16164bf4 level -1.8dB from 4/4 agreeing capture(s) (spread 4.0dB)
08-20 11:55:39.565 25679 27347 I SyncCalibrator: balance: levels PFFM10 [S]=1.00, ONEPLUS A3003 [S]=0.67 volumes {71930978-3389-442e-ad7e-ea82c03f54e1=90, b2c1e902-5d92-4de7-a60b-725d16164bf4=60} -> {71930978-3389-442e-ad7e-ea82c03f54e1=100, b2c1e902-5d92-4de7-a60b-725d16164bf4=79}
