--------- beginning of main
08-20 11:26:45.775 25679 27117 I SyncCalibrator: track:  | Christopher Willits - Wide
08-20 11:26:45.776 25679 27346 I SyncCalibrator: priming reference ring (16s)…
08-20 11:27:01.779 25679 27346 I SyncCalibrator: measuring baseline (PFFM10 [S] vs ONEPLUS A3003 [S])…
08-20 11:27:14.502 25679 27346 I SyncCalibrator: peaks: 68.4ms(z=15.1), 126.3ms(z=10.0), 83.0ms(z=9.8), 57.6ms(z=9.4), 402.7ms(z=5.8), 2252.8ms(z=5.7), 345.3ms(z=5.1), 2314.3ms(z=5.1), 2220.6ms(z=5.0), 325.6ms(z=4.8), 414.4ms(z=4.8), 2207.5ms(z=4.5)
08-20 11:27:14.502 25679 27346 I SyncCalibrator: baseline capture 2/3…
08-20 11:27:27.177 25679 27346 I SyncCalibrator: peaks: 108.7ms(z=13.8), 130.5ms(z=8.8), 112.8ms(z=8.4), 136.6ms(z=7.5), 216.4ms(z=7.5), 278.2ms(z=6.0), 3854.9ms(z=5.9), 3826.6ms(z=5.5), 203.7ms(z=5.4), 227.1ms(z=5.3), 3894.6ms(z=4.6), 3932.2ms(z=4.5)
08-20 11:27:27.178 25679 27346 I SyncCalibrator: baseline capture 3/3…
08-20 11:27:39.841 25679 27346 I SyncCalibrator: peaks: 3726.6ms(z=7.1), 2949.7ms(z=6.3), 2579.0ms(z=6.3), 2628.7ms(z=6.0), 2650.8ms(z=5.9), 3658.3ms(z=5.7), 3705.7ms(z=5.7), 3004.8ms(z=5.2), 3696.6ms(z=5.2), 2962.2ms(z=5.1), 2635.3ms(z=5.0), 3027.5ms(z=4.9)
08-20 11:27:39.841 25679 27346 I SyncCalibrator: measurement inconclusive, retrying…
08-20 11:28:00.493 25679 27347 I SyncCalibrator: peaks: 52.8ms(z=13.0), 62.2ms(z=12.7), 116.6ms(z=12.7), 146.2ms(z=10.2), 133.9ms(z=9.6), 110.8ms(z=9.0), 176.2ms(z=8.1), 158.0ms(z=7.4), 627.4ms(z=5.9), 603.3ms(z=5.5), 588.2ms(z=5.4), 615.2ms(z=5.3)
08-20 11:28:00.494 25679 27347 I SyncCalibrator: probing PFFM10 [S] + ONEPLUS A3003 [S]…
08-20 11:28:20.163 25679 27117 I SyncCalibrator: peaks: 3844.8ms(z=7.3), 196.9ms(z=7.2), 205.5ms(z=6.8), 233.6ms(z=6.7), 520.9ms(z=6.0), 258.8ms(z=5.5), 556.6ms(z=5.5), 536.8ms(z=5.4), 3788.4ms(z=5.2), 3812.5ms(z=5.2), 581.8ms(z=5.1), 3768.1ms(z=5.0)
08-20 11:28:20.163 25679 27117 I SyncCalibrator: measurement inconclusive, retrying…
08-20 11:28:40.820 25679 27347 I SyncCalibrator: peaks: 190.3ms(z=8.9), 509.9ms(z=8.6), 207.9ms(z=6.5), 163.1ms(z=6.5), 195.8ms(z=6.5), 514.4ms(z=6.4), 1229.4ms(z=6.3), 548.7ms(z=5.9), 525.3ms(z=5.3), 1251.9ms(z=4.5), 1237.5ms(z=3.9), 1152.8ms(z=3.8)
08-20 11:28:40.821 25679 27347 I SyncCalibrator: probe capture 2/6…
08-20 11:28:53.480 25679 27347 I SyncCalibrator: peaks: 198.3ms(z=11.1), 208.7ms(z=10.0), 522.0ms(z=9.2), 513.9ms(z=7.2), 760.6ms(z=6.6), 563.3ms(z=6.6), 574.8ms(z=6.1), 216.2ms(z=6.1), 188.8ms(z=5.7), 776.2ms(z=5.0), 731.6ms(z=4.6), 686.3ms(z=4.4)
08-20 11:28:53.487 25679 27347 I SyncCalibrator: probe capture 3/6…
08-20 11:29:06.146 25679 27347 I SyncCalibrator: peaks: 199.6ms(z=10.5), 3787.4ms(z=7.7), 538.3ms(z=5.9), 545.2ms(z=5.4), 496.8ms(z=5.3), 604.6ms(z=5.0), 3758.6ms(z=5.0), 3797.1ms(z=5.0), 3828.8ms(z=4.9), 268.3ms(z=4.9), 209.1ms(z=4.9), 232.8ms(z=4.8)
08-20 11:29:06.148 25679 27347 I SyncCalibrator: probe capture 4/6…
08-20 11:29:18.818 25679 27347 I SyncCalibrator: peaks: 577.8ms(z=6.8), 190.8ms(z=6.6), 196.0ms(z=6.4), 566.8ms(z=5.7), 3707.3ms(z=5.6), 519.8ms(z=5.5), 543.5ms(z=5.4), 204.6ms(z=5.3), 242.3ms(z=5.2), 3631.1ms(z=4.7), 3683.9ms(z=4.5), 3644.1ms(z=4.4)
08-20 11:29:18.818 25679 27347 I SyncCalibrator: measurement inconclusive, retrying…
08-20 11:29:39.500 25679 27117 I SyncCalibrator: peaks: 545.3ms(z=6.7), 600.4ms(z=6.6), 554.1ms(z=6.6), 562.6ms(z=6.1), 292.8ms(z=5.9), 220.7ms(z=5.9), 278.7ms(z=5.8), 741.7ms(z=5.7), 228.4ms(z=5.4), 681.6ms(z=5.4), 809.3ms(z=5.2), 699.6ms(z=4.6)
08-20 11:29:39.500 25679 27117 I SyncCalibrator: probe capture 5/6…
08-20 11:29:52.167 25679 27117 I SyncCalibrator: peaks: 579.9ms(z=9.6), 515.7ms(z=9.1), 524.7ms(z=8.0), 564.6ms(z=7.9), 189.1ms(z=7.7), 208.6ms(z=7.3), 215.4ms(z=6.9), 177.0ms(z=6.8), 1057.3ms(z=6.4), 1042.0ms(z=6.0), 1103.0ms(z=5.0), 1063.6ms(z=4.8)
08-20 11:29:52.541 25679 27117 I SyncCalibrator: probe capture 6/6…
08-20 11:30:05.202 25679 27117 I SyncCalibrator: peaks: 537.8ms(z=7.3), 526.9ms(z=6.7), 196.7ms(z=6.5), 1952.1ms(z=6.4), 533.5ms(z=6.3), 562.7ms(z=6.2), 202.0ms(z=5.9), 1977.2ms(z=5.6), 224.3ms(z=5.4), 213.8ms(z=5.1), 1992.0ms(z=5.0), 1876.6ms(z=4.7)
08-20 11:30:05.202 25679 27117 I SyncCalibrator: measurement inconclusive, retrying…
08-20 11:30:25.871 25679 27347 I SyncCalibrator: peaks: 517.3ms(z=10.2), 546.3ms(z=8.1), 199.8ms(z=7.6), 585.9ms(z=7.1), 574.0ms(z=6.9), 732.6ms(z=6.6), 251.2ms(z=6.5), 661.9ms(z=6.4), 689.4ms(z=5.6), 652.4ms(z=5.5), 208.0ms(z=5.5), 191.7ms(z=5.5)
08-20 11:30:26.155 25679 27347 I SyncCalibrator: ONEPLUS A3003 [S]: probe samples=[-67, -56] weights=[9, 9] weighted-median=-67ms
08-20 11:30:26.155 25679 27347 I SyncCalibrator: pair PFFM10 [S]/ONEPLUS A3003 [S]: delta=-67ms latency 0 -> -67
08-20 11:30:26.218 25679 27347 I SyncCalibrator: level capture 0: PFFM10 [S]@198.3ms=1.391e-05 ONEPLUS A3003 [S]@522.0ms=1.326e-05 delta=-0.4dB (anchored on PFFM10 [S], spacing 313ms, seed 313ms)
08-20 11:30:26.219 25679 27347 I SyncCalibrator: applying -67ms to ONEPLUS A3003 [S], verifying…
08-20 11:30:45.918 25679 27117 I SyncCalibrator: peaks: 156.8ms(z=10.5), 140.0ms(z=9.8), 117.6ms(z=9.0), 192.3ms(z=8.9), 2003.8ms(z=6.0), 3505.8ms(z=5.4), 3460.5ms(z=5.1), 3514.2ms(z=4.8), 3573.9ms(z=4.6), 1948.2ms(z=4.5), 2031.6ms(z=4.4), 2076.8ms(z=4.3)
08-20 11:31:05.578 25679 27117 I SyncCalibrator: peaks: 3703.5ms(z=6.8), 808.3ms(z=6.6), 3772.0ms(z=6.2), 197.8ms(z=6.2), 190.6ms(z=5.9), 216.9ms(z=5.8), 208.0ms(z=5.5), 3639.4ms(z=5.5), 3697.3ms(z=5.2), 742.6ms(z=4.4), 852.3ms(z=4.4), 790.7ms(z=4.4)
08-20 11:31:05.578 25679 27117 I SyncCalibrator: measurement inconclusive, retrying…
08-20 11:31:26.244 25679 27346 I SyncCalibrator: peaks: 199.8ms(z=12.4), 206.5ms(z=7.1), 215.5ms(z=6.8), 233.9ms(z=6.7), 2725.0ms(z=6.3), 2364.2ms(z=6.1), 2743.8ms(z=4.7), 2328.7ms(z=4.6), 2717.6ms(z=4.5), 2417.8ms(z=4.3), 2411.7ms(z=4.3), 2669.2ms(z=4.1)
08-20 11:31:26.371 25679 27346 W SyncCalibrator: pair ONEPLUS A3003 [S] failed: verify could not identify reference/target — restoring latency 0
08-20 11:31:26.372 25679 27346 I SyncCalibrator: ONEPLUS A3003 [S]: verify could not identify reference/target
08-20 11:31:26.372 25679 27346 I SyncCalibrator: ONEPLUS A3003 [S]: retrying with a 60% detectability boost
08-20 11:31:26.372 25679 27346 I SyncCalibrator: boosting device volume for detectability (2 speaker(s))
08-20 11:31:33.377 25679 27355 I SyncCalibrator: measuring baseline (PFFM10 [S] vs ONEPLUS A3003 [S])…
08-20 11:31:46.085 25679 27355 I SyncCalibrator: peaks: 109.2ms(z=8.6), 58.6ms(z=7.6), 68.7ms(z=7.4), 1739.2ms(z=7.0), 77.9ms(z=6.8), 1268.3ms(z=6.3), 1331.3ms(z=5.4), 1277.1ms(z=5.2), 1215.8ms(z=5.0), 1770.4ms(z=4.4), 1777.3ms(z=4.2), 1748.9ms(z=4.2)
08-20 11:31:46.085 25679 27355 I SyncCalibrator: measurement inconclusive, retrying…
08-20 11:32:06.751 25679 27117 I SyncCalibrator: peaks: 118.6ms(z=8.9), 70.0ms(z=8.3), 58.2ms(z=7.6), 167.5ms(z=6.7), 690.3ms(z=5.7), 1418.3ms(z=5.6), 747.7ms(z=5.3), 700.8ms(z=4.8), 646.1ms(z=4.6), 1434.4ms(z=4.4), 1468.0ms(z=4.3), 1441.3ms(z=4.2)
08-20 11:32:06.751 25679 27117 I SyncCalibrator: baseline capture 2/3…
08-20 11:32:19.427 25679 27117 I SyncCalibrator: peaks: 1150.8ms(z=6.2), 117.3ms(z=6.1), 1860.7ms(z=6.1), 1875.3ms(z=6.0), 1913.9ms(z=5.8), 61.8ms(z=5.1), 135.9ms(z=4.9), 107.0ms(z=4.8), 1156.0ms(z=4.8), 1080.0ms(z=4.7), 1138.5ms(z=4.7), 1827.7ms(z=4.3)
08-20 11:32:19.427 25679 27117 I SyncCalibrator: measurement inconclusive, retrying…
08-20 11:32:35.964 25679 27117 I SyncCalibrator: track:  | Goloka - (Floating) . In Your Mind
08-20 11:32:40.096 25679 27355 I SyncCalibrator: peaks: 118.8ms(z=7.8), 3715.9ms(z=7.3), 112.2ms(z=7.1), 1328.5ms(z=6.6), 134.3ms(z=6.4), 127.5ms(z=6.3), 3658.0ms(z=6.2), 1304.3ms(z=5.9), 1299.3ms(z=5.6), 1282.2ms(z=5.5), 3667.2ms(z=5.5), 3680.6ms(z=5.5)
08-20 11:32:40.096 25679 27355 I SyncCalibrator: baseline capture 3/3…
08-20 11:32:52.761 25679 27355 I SyncCalibrator: peaks: 61.7ms(z=19.5), 119.7ms(z=17.5), 52.3ms(z=17.2), 110.3ms(z=16.2), 168.5ms(z=12.2), 207.3ms(z=12.1), 163.3ms(z=9.4), 196.8ms(z=9.4), 559.7ms(z=6.2), 602.2ms(z=6.0), 570.4ms(z=5.4), 551.4ms(z=5.4)
08-20 11:32:52.761 25679 27355 I SyncCalibrator: probing PFFM10 [S] + ONEPLUS A3003 [S]…
08-20 11:33:12.436 25679 27346 I SyncCalibrator: peaks: 226.0ms(z=14.4), 233.9ms(z=12.1), 198.3ms(z=10.1), 244.6ms(z=10.1), 2626.2ms(z=7.9), 2632.6ms(z=7.7), 2665.3ms(z=7.2), 2603.1ms(z=6.9), 1174.8ms(z=5.9), 1155.2ms(z=4.0), 1169.4ms(z=3.8), 1208.3ms(z=3.8)
08-20 11:33:12.441 25679 27346 I SyncCalibrator: probe capture 2/3…
08-20 11:33:25.113 25679 27346 I SyncCalibrator: peaks: 225.0ms(z=11.5), 212.9ms(z=9.9), 267.8ms(z=9.6), 197.2ms(z=9.0), 2634.9ms(z=7.6), 2597.8ms(z=7.1), 2650.3ms(z=6.9), 1071.8ms(z=6.6), 2591.9ms(z=5.5), 1133.6ms(z=4.6), 1145.8ms(z=4.5), 1111.6ms(z=4.2)
08-20 11:33:25.118 25679 27346 I SyncCalibrator: probe capture 3/3…
08-20 11:33:37.793 25679 27346 I SyncCalibrator: peaks: 252.7ms(z=11.4), 263.5ms(z=10.9), 243.5ms(z=9.9), 247.6ms(z=9.3), 2599.3ms(z=6.0), 2643.4ms(z=6.0), 808.8ms(z=5.9), 2610.3ms(z=5.4), 2651.4ms(z=5.1), 846.9ms(z=4.5), 832.5ms(z=4.2), 787.8ms(z=4.2)
08-20 11:33:37.799 25679 27346 I SyncCalibrator: ONEPLUS A3003 [S]: probe samples=[-44, -78, -94] weights=[10, 10, 9] weighted-median=-78ms
08-20 11:33:37.799 25679 27346 I SyncCalibrator: pair PFFM10 [S]/ONEPLUS A3003 [S]: delta=-78ms latency 0 -> -78
08-20 11:33:37.799 25679 27346 I SyncCalibrator: applying -78ms to ONEPLUS A3003 [S], verifying…
08-20 11:33:57.485 25679 27347 I SyncCalibrator: peaks: 128.1ms(z=17.3), 161.7ms(z=16.4), 141.3ms(z=14.9), 150.6ms(z=14.5), 706.5ms(z=8.7), 516.3ms(z=7.1), 762.6ms(z=6.9), 566.2ms(z=6.4), 696.9ms(z=6.1), 741.2ms(z=5.6), 559.7ms(z=5.3), 547.5ms(z=4.9)
08-20 11:34:17.167 25679 27355 I SyncCalibrator: peaks: 215.8ms(z=9.8), 377.2ms(z=8.7), 332.4ms(z=8.5), 199.7ms(z=8.2), 319.3ms(z=8.0), 309.9ms(z=7.6), 251.1ms(z=7.6), 194.8ms(z=7.2), 1403.8ms(z=6.0), 1377.2ms(z=5.9), 1412.0ms(z=5.2), 1482.1ms(z=5.0)
08-20 11:34:17.419 25679 27355 I SyncCalibrator: verify: pair identified via targeted window fallback ref=215.8ms(z=9.8) tgt=332.4ms(z=8.5)
08-20 11:34:17.419 25679 27355 W SyncCalibrator: pair ONEPLUS A3003 [S] failed: verify residual 27ms > 12ms — restoring latency 0
08-20 11:34:17.420 25679 27355 I SyncCalibrator: ONEPLUS A3003 [S]: verify residual 27ms > 12ms
08-20 11:34:17.420 25679 27355 I SyncCalibrator: ONEPLUS A3003 [S]: retrying with a 75% detectability boost
08-20 11:34:17.421 25679 27355 I SyncCalibrator: boosting ONEPLUS A3003 [S] to 75% for detectability
08-20 11:34:17.422 25679 27346 I SyncCalibrator: boosting reference PFFM10 [S] to 75% so it can be found
08-20 11:34:24.427 25679 27346 I SyncCalibrator: measuring baseline (PFFM10 [S] vs ONEPLUS A3003 [S])…
08-20 11:34:37.085 25679 27346 I SyncCalibrator: peaks: 111.0ms(z=15.3), 73.8ms(z=10.9), 128.4ms(z=9.5), 50.6ms(z=9.5), 2523.1ms(z=7.0), 2500.4ms(z=6.8), 2505.5ms(z=6.3), 2512.0ms(z=5.8), 684.7ms(z=5.7), 662.0ms(z=5.5), 630.8ms(z=4.5), 762.2ms(z=4.0)
08-20 11:34:37.085 25679 27346 I SyncCalibrator: baseline capture 2/3…
08-20 11:34:49.757 25679 27346 I SyncCalibrator: peaks: 110.4ms(z=12.1), 103.5ms(z=11.3), 118.1ms(z=10.2), 97.8ms(z=10.1), 2456.3ms(z=5.9), 1143.3ms(z=5.9), 2482.9ms(z=5.7), 1157.8ms(z=5.5), 2530.3ms(z=5.2), 2510.8ms(z=5.0), 1177.5ms(z=4.9), 1201.9ms(z=4.3)
08-20 11:34:49.757 25679 27346 I SyncCalibrator: baseline capture 3/3…
08-20 11:35:02.427 25679 27346 I SyncCalibrator: peaks: 123.1ms(z=14.0), 112.8ms(z=11.5), 106.0ms(z=11.4), 65.3ms(z=8.9), 2506.8ms(z=6.3), 2464.8ms(z=5.9), 2547.4ms(z=5.9), 3729.5ms(z=5.7), 2512.8ms(z=5.5), 3743.2ms(z=5.1), 3761.0ms(z=5.0), 3767.9ms(z=4.8)
08-20 11:35:02.427 25679 27346 I SyncCalibrator: probing PFFM10 [S] + ONEPLUS A3003 [S]…
08-20 11:35:22.095 25679 27347 I SyncCalibrator: peaks: 232.7ms(z=21.3), 262.9ms(z=12.7), 274.0ms(z=12.6), 251.3ms(z=12.4), 325.5ms(z=6.8), 404.9ms(z=6.6), 20.9ms(z=6.5), 331.0ms(z=6.5), 336.5ms(z=6.5), 26.6ms(z=4.6), 64.9ms(z=4.1), 34.5ms(z=4.0)
08-20 11:35:22.227 25679 27347 I SyncCalibrator: probe capture 2/3…
08-20 11:35:34.894 25679 27347 I SyncCalibrator: peaks: 199.4ms(z=10.9), 241.9ms(z=9.9), 230.0ms(z=9.2), 247.1ms(z=8.2), 2635.7ms(z=6.6), 1463.3ms(z=6.1), 2609.7ms(z=5.2), 1453.2ms(z=5.0), 2559.5ms(z=4.8), 2665.3ms(z=4.8), 1390.8ms(z=4.7), 1412.4ms(z=4.6)
08-20 11:35:34.898 25679 27347 I SyncCalibrator: probe capture 3/3…
08-20 11:35:47.569 25679 27347 I SyncCalibrator: peaks: 193.9ms(z=9.7), 220.4ms(z=8.9), 197.9ms(z=8.2), 242.2ms(z=7.8), 2466.8ms(z=6.0), 1766.7ms(z=5.8), 1827.3ms(z=5.2), 1840.6ms(z=5.1), 2504.3ms(z=4.9), 2499.3ms(z=4.7), 2429.7ms(z=4.7), 1771.8ms(z=4.2)
08-20 11:35:47.571 25679 27347 I SyncCalibrator: ONEPLUS A3003 [S]: probe samples=[-60, -59] weights=[13, 9] weighted-median=-60ms
08-20 11:35:47.571 25679 27347 I SyncCalibrator: pair PFFM10 [S]/ONEPLUS A3003 [S]: delta=-60ms latency 0 -> -60
08-20 11:35:47.571 25679 27347 I SyncCalibrator: applying -60ms to ONEPLUS A3003 [S], verifying…
08-20 11:36:07.239 25679 28356 I SyncCalibrator: peaks: 120.7ms(z=9.9), 131.3ms(z=9.3), 163.3ms(z=9.3), 109.7ms(z=9.3), 3480.6ms(z=6.5), 1369.3ms(z=6.3), 1382.2ms(z=5.6), 3530.5ms(z=5.2), 3466.0ms(z=5.0), 3407.7ms(z=4.8), 1347.6ms(z=4.5), 1335.3ms(z=4.5)
--------- beginning of main
08-20 11:26:45.775 25679 27117 I SyncCalibrator: track:  | Christopher Willits - Wide
08-20 11:26:45.776 25679 27346 I SyncCalibrator: priming reference ring (16s)…
08-20 11:27:01.779 25679 27346 I SyncCalibrator: measuring baseline (PFFM10 [S] vs ONEPLUS A3003 [S])…
08-20 11:27:14.502 25679 27346 I SyncCalibrator: peaks: 68.4ms(z=15.1), 126.3ms(z=10.0), 83.0ms(z=9.8), 57.6ms(z=9.4), 402.7ms(z=5.8), 2252.8ms(z=5.7), 345.3ms(z=5.1), 2314.3ms(z=5.1), 2220.6ms(z=5.0), 325.6ms(z=4.8), 414.4ms(z=4.8), 2207.5ms(z=4.5)
08-20 11:27:14.502 25679 27346 I SyncCalibrator: baseline capture 2/3…
08-20 11:27:27.177 25679 27346 I SyncCalibrator: peaks: 108.7ms(z=13.8), 130.5ms(z=8.8), 112.8ms(z=8.4), 136.6ms(z=7.5), 216.4ms(z=7.5), 278.2ms(z=6.0), 3854.9ms(z=5.9), 3826.6ms(z=5.5), 203.7ms(z=5.4), 227.1ms(z=5.3), 3894.6ms(z=4.6), 3932.2ms(z=4.5)
08-20 11:27:27.178 25679 27346 I SyncCalibrator: baseline capture 3/3…
08-20 11:27:39.841 25679 27346 I SyncCalibrator: peaks: 3726.6ms(z=7.1), 2949.7ms(z=6.3), 2579.0ms(z=6.3), 2628.7ms(z=6.0), 2650.8ms(z=5.9), 3658.3ms(z=5.7), 3705.7ms(z=5.7), 3004.8ms(z=5.2), 3696.6ms(z=5.2), 2962.2ms(z=5.1), 2635.3ms(z=5.0), 3027.5ms(z=4.9)
08-20 11:27:39.841 25679 27346 I SyncCalibrator: measurement inconclusive, retrying…
08-20 11:28:00.493 25679 27347 I SyncCalibrator: peaks: 52.8ms(z=13.0), 62.2ms(z=12.7), 116.6ms(z=12.7), 146.2ms(z=10.2), 133.9ms(z=9.6), 110.8ms(z=9.0), 176.2ms(z=8.1), 158.0ms(z=7.4), 627.4ms(z=5.9), 603.3ms(z=5.5), 588.2ms(z=5.4), 615.2ms(z=5.3)
08-20 11:28:00.494 25679 27347 I SyncCalibrator: probing PFFM10 [S] + ONEPLUS A3003 [S]…
08-20 11:28:20.163 25679 27117 I SyncCalibrator: peaks: 3844.8ms(z=7.3), 196.9ms(z=7.2), 205.5ms(z=6.8), 233.6ms(z=6.7), 520.9ms(z=6.0), 258.8ms(z=5.5), 556.6ms(z=5.5), 536.8ms(z=5.4), 3788.4ms(z=5.2), 3812.5ms(z=5.2), 581.8ms(z=5.1), 3768.1ms(z=5.0)
08-20 11:28:20.163 25679 27117 I SyncCalibrator: measurement inconclusive, retrying…
08-20 11:28:40.820 25679 27347 I SyncCalibrator: peaks: 190.3ms(z=8.9), 509.9ms(z=8.6), 207.9ms(z=6.5), 163.1ms(z=6.5), 195.8ms(z=6.5), 514.4ms(z=6.4), 1229.4ms(z=6.3), 548.7ms(z=5.9), 525.3ms(z=5.3), 1251.9ms(z=4.5), 1237.5ms(z=3.9), 1152.8ms(z=3.8)
08-20 11:28:40.821 25679 27347 I SyncCalibrator: probe capture 2/6…
08-20 11:28:53.480 25679 27347 I SyncCalibrator: peaks: 198.3ms(z=11.1), 208.7ms(z=10.0), 522.0ms(z=9.2), 513.9ms(z=7.2), 760.6ms(z=6.6), 563.3ms(z=6.6), 574.8ms(z=6.1), 216.2ms(z=6.1), 188.8ms(z=5.7), 776.2ms(z=5.0), 731.6ms(z=4.6), 686.3ms(z=4.4)
08-20 11:28:53.487 25679 27347 I SyncCalibrator: probe capture 3/6…
08-20 11:29:06.146 25679 27347 I SyncCalibrator: peaks: 199.6ms(z=10.5), 3787.4ms(z=7.7), 538.3ms(z=5.9), 545.2ms(z=5.4), 496.8ms(z=5.3), 604.6ms(z=5.0), 3758.6ms(z=5.0), 3797.1ms(z=5.0), 3828.8ms(z=4.9), 268.3ms(z=4.9), 209.1ms(z=4.9), 232.8ms(z=4.8)
08-20 11:29:06.148 25679 27347 I SyncCalibrator: probe capture 4/6…
08-20 11:29:18.818 25679 27347 I SyncCalibrator: peaks: 577.8ms(z=6.8), 190.8ms(z=6.6), 196.0ms(z=6.4), 566.8ms(z=5.7), 3707.3ms(z=5.6), 519.8ms(z=5.5), 543.5ms(z=5.4), 204.6ms(z=5.3), 242.3ms(z=5.2), 3631.1ms(z=4.7), 3683.9ms(z=4.5), 3644.1ms(z=4.4)
08-20 11:29:18.818 25679 27347 I SyncCalibrator: measurement inconclusive, retrying…
08-20 11:29:39.500 25679 27117 I SyncCalibrator: peaks: 545.3ms(z=6.7), 600.4ms(z=6.6), 554.1ms(z=6.6), 562.6ms(z=6.1), 292.8ms(z=5.9), 220.7ms(z=5.9), 278.7ms(z=5.8), 741.7ms(z=5.7), 228.4ms(z=5.4), 681.6ms(z=5.4), 809.3ms(z=5.2), 699.6ms(z=4.6)
08-20 11:29:39.500 25679 27117 I SyncCalibrator: probe capture 5/6…
08-20 11:29:52.167 25679 27117 I SyncCalibrator: peaks: 579.9ms(z=9.6), 515.7ms(z=9.1), 524.7ms(z=8.0), 564.6ms(z=7.9), 189.1ms(z=7.7), 208.6ms(z=7.3), 215.4ms(z=6.9), 177.0ms(z=6.8), 1057.3ms(z=6.4), 1042.0ms(z=6.0), 1103.0ms(z=5.0), 1063.6ms(z=4.8)
08-20 11:29:52.541 25679 27117 I SyncCalibrator: probe capture 6/6…
08-20 11:30:05.202 25679 27117 I SyncCalibrator: peaks: 537.8ms(z=7.3), 526.9ms(z=6.7), 196.7ms(z=6.5), 1952.1ms(z=6.4), 533.5ms(z=6.3), 562.7ms(z=6.2), 202.0ms(z=5.9), 1977.2ms(z=5.6), 224.3ms(z=5.4), 213.8ms(z=5.1), 1992.0ms(z=5.0), 1876.6ms(z=4.7)
08-20 11:30:05.202 25679 27117 I SyncCalibrator: measurement inconclusive, retrying…
08-20 11:30:25.871 25679 27347 I SyncCalibrator: peaks: 517.3ms(z=10.2), 546.3ms(z=8.1), 199.8ms(z=7.6), 585.9ms(z=7.1), 574.0ms(z=6.9), 732.6ms(z=6.6), 251.2ms(z=6.5), 661.9ms(z=6.4), 689.4ms(z=5.6), 652.4ms(z=5.5), 208.0ms(z=5.5), 191.7ms(z=5.5)
08-20 11:30:26.155 25679 27347 I SyncCalibrator: ONEPLUS A3003 [S]: probe samples=[-67, -56] weights=[9, 9] weighted-median=-67ms
08-20 11:30:26.155 25679 27347 I SyncCalibrator: pair PFFM10 [S]/ONEPLUS A3003 [S]: delta=-67ms latency 0 -> -67
08-20 11:30:26.218 25679 27347 I SyncCalibrator: level capture 0: PFFM10 [S]@198.3ms=1.391e-05 ONEPLUS A3003 [S]@522.0ms=1.326e-05 delta=-0.4dB (anchored on PFFM10 [S], spacing 313ms, seed 313ms)
08-20 11:30:26.219 25679 27347 I SyncCalibrator: applying -67ms to ONEPLUS A3003 [S], verifying…
08-20 11:30:45.918 25679 27117 I SyncCalibrator: peaks: 156.8ms(z=10.5), 140.0ms(z=9.8), 117.6ms(z=9.0), 192.3ms(z=8.9), 2003.8ms(z=6.0), 3505.8ms(z=5.4), 3460.5ms(z=5.1), 3514.2ms(z=4.8), 3573.9ms(z=4.6), 1948.2ms(z=4.5), 2031.6ms(z=4.4), 2076.8ms(z=4.3)
08-20 11:31:05.578 25679 27117 I SyncCalibrator: peaks: 3703.5ms(z=6.8), 808.3ms(z=6.6), 3772.0ms(z=6.2), 197.8ms(z=6.2), 190.6ms(z=5.9), 216.9ms(z=5.8), 208.0ms(z=5.5), 3639.4ms(z=5.5), 3697.3ms(z=5.2), 742.6ms(z=4.4), 852.3ms(z=4.4), 790.7ms(z=4.4)
08-20 11:31:05.578 25679 27117 I SyncCalibrator: measurement inconclusive, retrying…
08-20 11:31:26.244 25679 27346 I SyncCalibrator: peaks: 199.8ms(z=12.4), 206.5ms(z=7.1), 215.5ms(z=6.8), 233.9ms(z=6.7), 2725.0ms(z=6.3), 2364.2ms(z=6.1), 2743.8ms(z=4.7), 2328.7ms(z=4.6), 2717.6ms(z=4.5), 2417.8ms(z=4.3), 2411.7ms(z=4.3), 2669.2ms(z=4.1)
08-20 11:31:26.371 25679 27346 W SyncCalibrator: pair ONEPLUS A3003 [S] failed: verify could not identify reference/target — restoring latency 0
08-20 11:31:26.372 25679 27346 I SyncCalibrator: ONEPLUS A3003 [S]: verify could not identify reference/target
08-20 11:31:26.372 25679 27346 I SyncCalibrator: ONEPLUS A3003 [S]: retrying with a 60% detectability boost
08-20 11:31:26.372 25679 27346 I SyncCalibrator: boosting device volume for detectability (2 speaker(s))
08-20 11:31:33.377 25679 27355 I SyncCalibrator: measuring baseline (PFFM10 [S] vs ONEPLUS A3003 [S])…
08-20 11:31:46.085 25679 27355 I SyncCalibrator: peaks: 109.2ms(z=8.6), 58.6ms(z=7.6), 68.7ms(z=7.4), 1739.2ms(z=7.0), 77.9ms(z=6.8), 1268.3ms(z=6.3), 1331.3ms(z=5.4), 1277.1ms(z=5.2), 1215.8ms(z=5.0), 1770.4ms(z=4.4), 1777.3ms(z=4.2), 1748.9ms(z=4.2)
08-20 11:31:46.085 25679 27355 I SyncCalibrator: measurement inconclusive, retrying…
08-20 11:32:06.751 25679 27117 I SyncCalibrator: peaks: 118.6ms(z=8.9), 70.0ms(z=8.3), 58.2ms(z=7.6), 167.5ms(z=6.7), 690.3ms(z=5.7), 1418.3ms(z=5.6), 747.7ms(z=5.3), 700.8ms(z=4.8), 646.1ms(z=4.6), 1434.4ms(z=4.4), 1468.0ms(z=4.3), 1441.3ms(z=4.2)
08-20 11:32:06.751 25679 27117 I SyncCalibrator: baseline capture 2/3…
08-20 11:32:19.427 25679 27117 I SyncCalibrator: peaks: 1150.8ms(z=6.2), 117.3ms(z=6.1), 1860.7ms(z=6.1), 1875.3ms(z=6.0), 1913.9ms(z=5.8), 61.8ms(z=5.1), 135.9ms(z=4.9), 107.0ms(z=4.8), 1156.0ms(z=4.8), 1080.0ms(z=4.7), 1138.5ms(z=4.7), 1827.7ms(z=4.3)
08-20 11:32:19.427 25679 27117 I SyncCalibrator: measurement inconclusive, retrying…
08-20 11:32:35.964 25679 27117 I SyncCalibrator: track:  | Goloka - (Floating) . In Your Mind
08-20 11:32:40.096 25679 27355 I SyncCalibrator: peaks: 118.8ms(z=7.8), 3715.9ms(z=7.3), 112.2ms(z=7.1), 1328.5ms(z=6.6), 134.3ms(z=6.4), 127.5ms(z=6.3), 3658.0ms(z=6.2), 1304.3ms(z=5.9), 1299.3ms(z=5.6), 1282.2ms(z=5.5), 3667.2ms(z=5.5), 3680.6ms(z=5.5)
08-20 11:32:40.096 25679 27355 I SyncCalibrator: baseline capture 3/3…
08-20 11:32:52.761 25679 27355 I SyncCalibrator: peaks: 61.7ms(z=19.5), 119.7ms(z=17.5), 52.3ms(z=17.2), 110.3ms(z=16.2), 168.5ms(z=12.2), 207.3ms(z=12.1), 163.3ms(z=9.4), 196.8ms(z=9.4), 559.7ms(z=6.2), 602.2ms(z=6.0), 570.4ms(z=5.4), 551.4ms(z=5.4)
08-20 11:32:52.761 25679 27355 I SyncCalibrator: probing PFFM10 [S] + ONEPLUS A3003 [S]…
08-20 11:33:12.436 25679 27346 I SyncCalibrator: peaks: 226.0ms(z=14.4), 233.9ms(z=12.1), 198.3ms(z=10.1), 244.6ms(z=10.1), 2626.2ms(z=7.9), 2632.6ms(z=7.7), 2665.3ms(z=7.2), 2603.1ms(z=6.9), 1174.8ms(z=5.9), 1155.2ms(z=4.0), 1169.4ms(z=3.8), 1208.3ms(z=3.8)
08-20 11:33:12.441 25679 27346 I SyncCalibrator: probe capture 2/3…
08-20 11:33:25.113 25679 27346 I SyncCalibrator: peaks: 225.0ms(z=11.5), 212.9ms(z=9.9), 267.8ms(z=9.6), 197.2ms(z=9.0), 2634.9ms(z=7.6), 2597.8ms(z=7.1), 2650.3ms(z=6.9), 1071.8ms(z=6.6), 2591.9ms(z=5.5), 1133.6ms(z=4.6), 1145.8ms(z=4.5), 1111.6ms(z=4.2)
08-20 11:33:25.118 25679 27346 I SyncCalibrator: probe capture 3/3…
08-20 11:33:37.793 25679 27346 I SyncCalibrator: peaks: 252.7ms(z=11.4), 263.5ms(z=10.9), 243.5ms(z=9.9), 247.6ms(z=9.3), 2599.3ms(z=6.0), 2643.4ms(z=6.0), 808.8ms(z=5.9), 2610.3ms(z=5.4), 2651.4ms(z=5.1), 846.9ms(z=4.5), 832.5ms(z=4.2), 787.8ms(z=4.2)
08-20 11:33:37.799 25679 27346 I SyncCalibrator: ONEPLUS A3003 [S]: probe samples=[-44, -78, -94] weights=[10, 10, 9] weighted-median=-78ms
08-20 11:33:37.799 25679 27346 I SyncCalibrator: pair PFFM10 [S]/ONEPLUS A3003 [S]: delta=-78ms latency 0 -> -78
08-20 11:33:37.799 25679 27346 I SyncCalibrator: applying -78ms to ONEPLUS A3003 [S], verifying…
08-20 11:33:57.485 25679 27347 I SyncCalibrator: peaks: 128.1ms(z=17.3), 161.7ms(z=16.4), 141.3ms(z=14.9), 150.6ms(z=14.5), 706.5ms(z=8.7), 516.3ms(z=7.1), 762.6ms(z=6.9), 566.2ms(z=6.4), 696.9ms(z=6.1), 741.2ms(z=5.6), 559.7ms(z=5.3), 547.5ms(z=4.9)
08-20 11:34:17.167 25679 27355 I SyncCalibrator: peaks: 215.8ms(z=9.8), 377.2ms(z=8.7), 332.4ms(z=8.5), 199.7ms(z=8.2), 319.3ms(z=8.0), 309.9ms(z=7.6), 251.1ms(z=7.6), 194.8ms(z=7.2), 1403.8ms(z=6.0), 1377.2ms(z=5.9), 1412.0ms(z=5.2), 1482.1ms(z=5.0)
08-20 11:34:17.419 25679 27355 I SyncCalibrator: verify: pair identified via targeted window fallback ref=215.8ms(z=9.8) tgt=332.4ms(z=8.5)
08-20 11:34:17.419 25679 27355 W SyncCalibrator: pair ONEPLUS A3003 [S] failed: verify residual 27ms > 12ms — restoring latency 0
08-20 11:34:17.420 25679 27355 I SyncCalibrator: ONEPLUS A3003 [S]: verify residual 27ms > 12ms
08-20 11:34:17.420 25679 27355 I SyncCalibrator: ONEPLUS A3003 [S]: retrying with a 75% detectability boost
08-20 11:34:17.421 25679 27355 I SyncCalibrator: boosting ONEPLUS A3003 [S] to 75% for detectability
08-20 11:34:17.422 25679 27346 I SyncCalibrator: boosting reference PFFM10 [S] to 75% so it can be found
08-20 11:34:24.427 25679 27346 I SyncCalibrator: measuring baseline (PFFM10 [S] vs ONEPLUS A3003 [S])…
08-20 11:34:37.085 25679 27346 I SyncCalibrator: peaks: 111.0ms(z=15.3), 73.8ms(z=10.9), 128.4ms(z=9.5), 50.6ms(z=9.5), 2523.1ms(z=7.0), 2500.4ms(z=6.8), 2505.5ms(z=6.3), 2512.0ms(z=5.8), 684.7ms(z=5.7), 662.0ms(z=5.5), 630.8ms(z=4.5), 762.2ms(z=4.0)
08-20 11:34:37.085 25679 27346 I SyncCalibrator: baseline capture 2/3…
08-20 11:34:49.757 25679 27346 I SyncCalibrator: peaks: 110.4ms(z=12.1), 103.5ms(z=11.3), 118.1ms(z=10.2), 97.8ms(z=10.1), 2456.3ms(z=5.9), 1143.3ms(z=5.9), 2482.9ms(z=5.7), 1157.8ms(z=5.5), 2530.3ms(z=5.2), 2510.8ms(z=5.0), 1177.5ms(z=4.9), 1201.9ms(z=4.3)
08-20 11:34:49.757 25679 27346 I SyncCalibrator: baseline capture 3/3…
08-20 11:35:02.427 25679 27346 I SyncCalibrator: peaks: 123.1ms(z=14.0), 112.8ms(z=11.5), 106.0ms(z=11.4), 65.3ms(z=8.9), 2506.8ms(z=6.3), 2464.8ms(z=5.9), 2547.4ms(z=5.9), 3729.5ms(z=5.7), 2512.8ms(z=5.5), 3743.2ms(z=5.1), 3761.0ms(z=5.0), 3767.9ms(z=4.8)
08-20 11:35:02.427 25679 27346 I SyncCalibrator: probing PFFM10 [S] + ONEPLUS A3003 [S]…
08-20 11:35:22.095 25679 27347 I SyncCalibrator: peaks: 232.7ms(z=21.3), 262.9ms(z=12.7), 274.0ms(z=12.6), 251.3ms(z=12.4), 325.5ms(z=6.8), 404.9ms(z=6.6), 20.9ms(z=6.5), 331.0ms(z=6.5), 336.5ms(z=6.5), 26.6ms(z=4.6), 64.9ms(z=4.1), 34.5ms(z=4.0)
08-20 11:35:22.227 25679 27347 I SyncCalibrator: probe capture 2/3…
08-20 11:35:34.894 25679 27347 I SyncCalibrator: peaks: 199.4ms(z=10.9), 241.9ms(z=9.9), 230.0ms(z=9.2), 247.1ms(z=8.2), 2635.7ms(z=6.6), 1463.3ms(z=6.1), 2609.7ms(z=5.2), 1453.2ms(z=5.0), 2559.5ms(z=4.8), 2665.3ms(z=4.8), 1390.8ms(z=4.7), 1412.4ms(z=4.6)
08-20 11:35:34.898 25679 27347 I SyncCalibrator: probe capture 3/3…
08-20 11:35:47.569 25679 27347 I SyncCalibrator: peaks: 193.9ms(z=9.7), 220.4ms(z=8.9), 197.9ms(z=8.2), 242.2ms(z=7.8), 2466.8ms(z=6.0), 1766.7ms(z=5.8), 1827.3ms(z=5.2), 1840.6ms(z=5.1), 2504.3ms(z=4.9), 2499.3ms(z=4.7), 2429.7ms(z=4.7), 1771.8ms(z=4.2)
08-20 11:35:47.571 25679 27347 I SyncCalibrator: ONEPLUS A3003 [S]: probe samples=[-60, -59] weights=[13, 9] weighted-median=-60ms
08-20 11:35:47.571 25679 27347 I SyncCalibrator: pair PFFM10 [S]/ONEPLUS A3003 [S]: delta=-60ms latency 0 -> -60
08-20 11:35:47.571 25679 27347 I SyncCalibrator: applying -60ms to ONEPLUS A3003 [S], verifying…
08-20 11:36:07.239 25679 28356 I SyncCalibrator: peaks: 120.7ms(z=9.9), 131.3ms(z=9.3), 163.3ms(z=9.3), 109.7ms(z=9.3), 3480.6ms(z=6.5), 1369.3ms(z=6.3), 1382.2ms(z=5.6), 3530.5ms(z=5.2), 3466.0ms(z=5.0), 3407.7ms(z=4.8), 1347.6ms(z=4.5), 1335.3ms(z=4.5)
08-20 11:36:26.914 25679 25727 I SyncCalibrator: peaks: 299.1ms(z=13.0), 331.0ms(z=12.8), 289.9ms(z=11.7), 336.8ms(z=9.6), 709.8ms(z=6.2), 1517.5ms(z=5.6), 633.3ms(z=4.8), 653.0ms(z=4.5), 1475.6ms(z=4.4), 644.2ms(z=4.2), 1459.6ms(z=4.2), 1480.4ms(z=4.1)
08-20 11:36:27.108 25679 25727 I SyncCalibrator: verify: pair identified via targeted window fallback ref=187.7ms(z=8.0) tgt=289.9ms(z=11.7)
08-20 11:36:34.125 25679 27346 I SyncCalibrator: ONEPLUS A3003 [S]: sync used a boost — re-reading levels at the real volumes…
08-20 11:36:46.790 25679 27346 I SyncCalibrator: peaks: 114.9ms(z=8.8), 138.0ms(z=8.4), 147.0ms(z=6.6), 167.2ms(z=6.6), 1569.9ms(z=6.4), 1349.2ms(z=5.9), 1389.0ms(z=5.2), 1312.5ms(z=5.1), 1612.1ms(z=5.0), 1316.9ms(z=4.9), 1534.7ms(z=4.7), 1496.3ms(z=4.5)
08-20 11:36:46.790 25679 27346 I SyncCalibrator: measurement inconclusive, retrying…
08-20 11:36:51.095 25679 25773 I SyncCalibrator: track:  | BistroBoy - Feathers
08-20 11:37:07.453 25679 25773 I SyncCalibrator: peaks: 119.0ms(z=9.3), 131.8ms(z=7.7), 112.9ms(z=7.3), 144.3ms(z=6.4), 1229.2ms(z=6.1), 488.1ms(z=5.7), 564.2ms(z=5.2), 527.2ms(z=5.0), 1192.6ms(z=4.9), 1306.7ms(z=4.8), 1293.7ms(z=4.5), 415.9ms(z=4.5)
08-20 11:37:07.453 25679 25773 I SyncCalibrator: ONEPLUS A3003 [S]: probing for levels…
08-20 11:37:07.453 25679 25773 I SyncCalibrator: balance: levels-only probe PFFM10 [S]→-90ms ONEPLUS A3003 [S]→-530ms (offsets 90/470, expected spacing 392ms from a standing 12ms)
08-20 11:37:27.126 25679 28356 I SyncCalibrator: peaks: 615.3ms(z=9.9), 636.4ms(z=7.7), 605.9ms(z=7.6), 599.8ms(z=7.4), 209.8ms(z=6.6), 3364.9ms(z=6.5), 276.9ms(z=5.6), 237.1ms(z=5.3), 226.3ms(z=4.7), 3384.8ms(z=4.3), 3355.9ms(z=4.1), 3394.5ms(z=3.9)
08-20 11:37:27.126 25679 28356 I SyncCalibrator: balance: levels-only capture 0 could not identify the pair — at their real volumes one speaker is under the floor
08-20 11:37:27.126 25679 28356 I SyncCalibrator: levels capture 2/6…
08-20 11:37:39.797 25679 28356 I SyncCalibrator: peaks: 595.8ms(z=9.8), 612.9ms(z=8.9), 641.8ms(z=8.5), 584.9ms(z=8.4), 214.6ms(z=6.8), 201.0ms(z=6.3), 269.7ms(z=5.5), 173.3ms(z=5.5), 1225.1ms(z=5.3), 1280.4ms(z=5.2), 1175.4ms(z=4.5), 1183.3ms(z=4.3)
08-20 11:37:39.929 25679 28356 I SyncCalibrator: levels capture 3/6…
08-20 11:37:52.578 25679 28356 I SyncCalibrator: peaks: 582.7ms(z=11.4), 625.3ms(z=10.2), 651.3ms(z=9.2), 611.7ms(z=9.2), 3261.3ms(z=8.1), 3104.1ms(z=6.1), 3049.1ms(z=5.4), 3066.1ms(z=5.2), 3338.0ms(z=4.8), 3236.1ms(z=4.8), 3190.9ms(z=4.7), 3180.0ms(z=4.4)
08-20 11:37:52.704 25679 28356 I SyncCalibrator: balance: levels-only capture 2 could not identify the pair — at their real volumes one speaker is under the floor
08-20 11:37:52.704 25679 28356 I SyncCalibrator: levels capture 4/6…
08-20 11:38:05.385 25679 28356 I SyncCalibrator: peaks: 575.9ms(z=8.8), 618.6ms(z=7.6), 599.8ms(z=7.3), 590.6ms(z=7.3), 192.8ms(z=7.3), 384.9ms(z=6.1), 204.6ms(z=6.0), 186.9ms(z=5.9), 261.2ms(z=5.8), 448.8ms(z=4.8), 411.3ms(z=4.8), 393.1ms(z=4.8)
08-20 11:38:05.385 25679 28356 I SyncCalibrator: measurement inconclusive, retrying…
08-20 11:38:26.061 25679 25727 I SyncCalibrator: peaks: 645.1ms(z=8.5), 612.8ms(z=7.8), 656.1ms(z=7.3), 603.7ms(z=7.2), 1419.7ms(z=6.8), 3423.4ms(z=6.3), 3443.7ms(z=6.1), 1463.8ms(z=4.6), 3364.3ms(z=4.6), 3402.8ms(z=4.6), 1382.1ms(z=4.5), 1350.0ms(z=4.2)
08-20 11:38:26.061 25679 25727 I SyncCalibrator: levels capture 5/6…
08-20 11:38:38.740 25679 25727 I SyncCalibrator: peaks: 577.9ms(z=12.8), 587.3ms(z=12.0), 595.4ms(z=7.7), 573.3ms(z=7.4), 3682.2ms(z=6.1), 204.1ms(z=5.9), 261.0ms(z=5.7), 196.4ms(z=5.6), 3747.9ms(z=4.7), 231.0ms(z=4.7), 3709.3ms(z=4.2), 3738.3ms(z=4.2)
08-20 11:38:38.887 25679 25727 I SyncCalibrator: balance: levels-only capture 4 could not identify the pair — at their real volumes one speaker is under the floor
08-20 11:38:38.887 25679 25727 I SyncCalibrator: levels capture 6/6…
08-20 11:38:51.541 25679 25727 I SyncCalibrator: peaks: 208.8ms(z=9.4), 658.4ms(z=8.6), 201.6ms(z=7.2), 1208.8ms(z=6.1), 580.9ms(z=6.1), 197.2ms(z=6.1), 220.1ms(z=6.1), 619.5ms(z=5.8), 604.8ms(z=5.8), 1238.2ms(z=5.0), 1252.8ms(z=4.7), 1275.8ms(z=4.2)
08-20 11:38:51.730 25679 25727 I SyncCalibrator: level capture 1: PFFM10 [S]@214.6ms=1.120e-05 ONEPLUS A3003 [S]@595.8ms=1.106e-05 delta=-0.1dB (anchored on ONEPLUS A3003 [S], spacing 392ms, seed 381ms)
08-20 11:38:51.792 25679 25727 I SyncCalibrator: level capture 2: PFFM10 [S]@208.8ms=1.950e-05 ONEPLUS A3003 [S]@580.9ms=1.218e-05 delta=-4.1dB (anchored on PFFM10 [S], spacing 392ms, seed 372ms)
08-20 11:38:51.794 25679 25727 I SyncCalibrator: balance: levels-only round for ONEPLUS A3003 [S] harvested 2 capture(s)
08-20 11:38:51.794 25679 25727 I SyncCalibrator: done: ONEPLUS A3003 [S]: trim -60ms (latency -60, residual 12ms, verified)
08-20 11:38:51.796 25679 25727 I SyncCalibrator: balance: capture 0 PFFM10 [S]=1.00(raw=1.391e-05), ONEPLUS A3003 [S]=0.95(raw=1.326e-05)
08-20 11:38:51.796 25679 25727 I SyncCalibrator: balance: capture 1 PFFM10 [S]=1.00(raw=1.120e-05), ONEPLUS A3003 [S]=0.99(raw=1.106e-05)
08-20 11:38:51.796 25679 25727 I SyncCalibrator: balance: capture 2 PFFM10 [S]=1.00(raw=1.950e-05), ONEPLUS A3003 [S]=0.62(raw=1.218e-05)
08-20 11:38:51.796 25679 25727 I SyncCalibrator: balance: 71930978-3389-442e-ad7e-ea82c03f54e1 level +0.2dB from 3/3 agreeing capture(s) (spread 2.0dB)
08-20 11:38:51.797 25679 25727 I SyncCalibrator: balance: b2c1e902-5d92-4de7-a60b-725d16164bf4 level -0.2dB from 3/3 agreeing capture(s) (spread 2.0dB)
08-20 11:38:51.797 25679 25727 I SyncCalibrator: balance: already even at the mic (PFFM10 [S]=1.00, ONEPLUS A3003 [S]=0.95)
08-20 11:39:46.186 25679 27355 I SyncCalibrator: track:  | BistroBoy - Feathers
08-20 11:39:46.188 25679 28356 I SyncCalibrator: priming reference ring (16s)…
08-20 11:40:02.190 25679 27346 I SyncCalibrator: measuring baseline (PFFM10 [S] vs ONEPLUS A3003 [S])…
08-20 11:40:14.859 25679 27346 I SyncCalibrator: peaks: 107.1ms(z=7.7), 111.8ms(z=7.5), 155.9ms(z=6.3), 2819.5ms(z=6.2), 1815.6ms(z=5.9), 174.4ms(z=5.8), 1869.1ms(z=5.0), 1808.3ms(z=4.5), 1802.3ms(z=4.4), 2864.0ms(z=4.2), 2790.4ms(z=4.0), 2815.4ms(z=3.7)
08-20 11:40:14.859 25679 27346 I SyncCalibrator: measurement inconclusive, retrying…
08-20 11:40:35.542 25679 25773 I SyncCalibrator: peaks: 109.3ms(z=7.6), 134.7ms(z=7.2), 159.2ms(z=6.7), 650.2ms(z=6.3), 116.3ms(z=6.0), 2041.9ms(z=5.9), 696.2ms(z=4.7), 2100.8ms(z=4.7), 1971.0ms(z=4.7), 2119.6ms(z=4.6), 654.2ms(z=4.6), 703.7ms(z=4.5)
08-20 11:40:35.542 25679 25773 I SyncCalibrator: baseline capture 2/3…
08-20 11:40:46.212 25679 27346 I SyncCalibrator: track:  | Smooth Genestar - Mr Wu the clementine dealer
08-20 11:40:48.213 25679 25773 I SyncCalibrator: peaks: 105.9ms(z=11.1), 165.9ms(z=8.5), 114.6ms(z=8.0), 139.0ms(z=7.7), 210.0ms(z=6.7), 1062.1ms(z=6.2), 285.4ms(z=6.0), 356.5ms(z=5.3), 223.3ms(z=5.2), 1087.3ms(z=4.1), 1133.7ms(z=4.1), 1030.3ms(z=4.1)
08-20 11:40:48.214 25679 25773 I SyncCalibrator: baseline capture 3/3…
08-20 11:41:00.854 25679 25773 I SyncCalibrator: peaks: 155.0ms(z=8.2), 112.9ms(z=8.2), 119.3ms(z=7.9), 131.2ms(z=7.9), 338.3ms(z=6.0), 885.5ms(z=5.9), 321.0ms(z=5.7), 271.3ms(z=5.1), 280.3ms(z=5.0), 964.3ms(z=4.7), 867.7ms(z=4.5), 945.3ms(z=4.5)
08-20 11:41:00.854 25679 25773 I SyncCalibrator: measurement inconclusive, retrying…
08-20 11:41:21.516 25679 27346 I SyncCalibrator: peaks: 110.0ms(z=9.6), 103.8ms(z=7.3), 126.6ms(z=6.8), 501.3ms(z=6.3), 145.7ms(z=6.0), 225.9ms(z=5.9), 235.8ms(z=5.8), 284.2ms(z=5.7), 305.0ms(z=5.4), 527.7ms(z=5.2), 544.3ms(z=5.1), 516.3ms(z=4.8)
08-20 11:41:21.516 25679 27346 I SyncCalibrator: probing PFFM10 [S] + ONEPLUS A3003 [S]…
08-20 11:41:41.185 25679 27116 I SyncCalibrator: peaks: 200.1ms(z=11.5), 3711.6ms(z=7.8), 209.8ms(z=7.0), 2866.8ms(z=6.8), 217.1ms(z=6.2), 2883.4ms(z=6.1), 264.8ms(z=6.1), 2856.8ms(z=5.7), 3750.7ms(z=5.6), 2903.7ms(z=5.6), 3770.2ms(z=5.6), 3645.9ms(z=5.3)
08-20 11:41:41.185 25679 27116 I SyncCalibrator: probe capture 2/6…
08-20 11:41:53.846 25679 27116 I SyncCalibrator: peaks: 577.8ms(z=8.8), 199.8ms(z=8.1), 204.2ms(z=6.8), 620.7ms(z=6.7), 229.9ms(z=6.7), 413.8ms(z=6.5), 195.3ms(z=6.4), 588.8ms(z=6.3), 632.3ms(z=6.0), 395.9ms(z=5.3), 473.2ms(z=5.1), 345.7ms(z=4.9)
08-20 11:41:53.846 25679 27116 I SyncCalibrator: measurement inconclusive, retrying…
08-20 11:42:14.523 25679 27346 I SyncCalibrator: peaks: 201.3ms(z=9.2), 244.1ms(z=7.0), 252.6ms(z=7.0), 208.7ms(z=6.9), 581.9ms(z=6.4), 402.9ms(z=6.1), 327.3ms(z=5.8), 587.8ms(z=5.6), 345.8ms(z=5.6), 517.3ms(z=5.3), 620.9ms(z=5.2), 385.3ms(z=5.2)
08-20 11:42:14.523 25679 27346 I SyncCalibrator: probe capture 3/6…
08-20 11:42:27.206 25679 27346 I SyncCalibrator: peaks: 582.0ms(z=8.3), 209.3ms(z=7.5), 201.2ms(z=7.4), 1541.5ms(z=7.1), 237.6ms(z=7.1), 217.3ms(z=6.9), 650.7ms(z=6.8), 624.8ms(z=6.2), 592.8ms(z=5.9), 1529.3ms(z=4.8), 1554.5ms(z=4.7), 1584.1ms(z=4.6)
08-20 11:42:27.206 25679 27346 I SyncCalibrator: measurement inconclusive, retrying…
08-20 11:42:47.872 25679 27116 I SyncCalibrator: peaks: 245.3ms(z=7.2), 194.8ms(z=7.1), 200.7ms(z=6.6), 1800.2ms(z=6.5), 571.3ms(z=6.2), 292.2ms(z=6.2), 608.3ms(z=5.0), 558.6ms(z=4.9), 1879.1ms(z=4.8), 534.6ms(z=4.8), 1752.3ms(z=4.5), 1828.6ms(z=4.3)
08-20 11:42:47.873 25679 27116 I SyncCalibrator: probe capture 4/6…
08-20 11:42:47.873 25679 27116 I SyncCalibrator: ONEPLUS A3003 [S]: abandoning the harvest round's remaining 3 capture(s) — 3 probes produced no attribution and no rescue candidate, and the extra captures exist only to feed levels this round can no longer harvest
08-20 11:42:47.874 25679 27116 W SyncCalibrator: pair ONEPLUS A3003 [S] failed: target peak did not move by the probe — restoring latency -60
08-20 11:42:47.874 25679 27116 I SyncCalibrator: ONEPLUS A3003 [S]: target peak did not move by the probe
08-20 11:42:47.874 25679 27116 I SyncCalibrator: ONEPLUS A3003 [S]: retrying with a 60% detectability boost
08-20 11:42:47.875 25679 27116 I SyncCalibrator: boosting ONEPLUS A3003 [S] to 60% for detectability
08-20 11:42:47.878 25679 28935 I SyncCalibrator: boosting device volume for detectability (1 speaker(s))
08-20 11:42:54.882 25679 28934 I SyncCalibrator: measuring baseline (PFFM10 [S] vs ONEPLUS A3003 [S])…
08-20 11:43:07.565 25679 28934 I SyncCalibrator: peaks: 111.3ms(z=10.9), 117.2ms(z=8.8), 122.3ms(z=7.1), 170.9ms(z=6.9), 502.2ms(z=6.0), 3381.4ms(z=5.9), 486.6ms(z=5.3), 3368.0ms(z=5.2), 557.4ms(z=5.1), 3320.6ms(z=5.1), 3391.8ms(z=4.9), 473.8ms(z=4.8)
08-20 11:43:07.565 25679 28934 I SyncCalibrator: baseline capture 2/3…
08-20 11:43:20.222 25679 28934 I SyncCalibrator: peaks: 127.8ms(z=9.4), 177.9ms(z=8.6), 143.1ms(z=8.6), 133.6ms(z=8.3), 2848.4ms(z=6.8), 610.5ms(z=6.0), 2780.7ms(z=5.8), 2794.5ms(z=5.7), 2799.1ms(z=5.7), 645.3ms(z=4.7), 585.8ms(z=4.6), 621.2ms(z=4.0)
08-20 11:43:20.222 25679 28934 I SyncCalibrator: baseline capture 3/3…
08-20 11:43:32.874 25679 28934 I SyncCalibrator: peaks: 114.4ms(z=15.9), 125.3ms(z=13.5), 157.3ms(z=12.7), 183.1ms(z=12.0), 2477.3ms(z=6.2), 1459.3ms(z=6.1), 1409.8ms(z=5.5), 1485.1ms(z=5.1), 1429.2ms(z=4.6), 2406.7ms(z=4.5), 2397.4ms(z=4.0), 2543.8ms(z=3.9)
08-20 11:43:32.875 25679 28934 I SyncCalibrator: probing PFFM10 [S] + ONEPLUS A3003 [S]…
08-20 11:43:52.552 25679 27347 I SyncCalibrator: peaks: 328.2ms(z=9.1), 318.8ms(z=9.0), 310.9ms(z=7.6), 3008.0ms(z=6.8), 385.9ms(z=6.6), 571.9ms(z=6.5), 3026.7ms(z=6.0), 3048.1ms(z=5.8), 2961.1ms(z=5.5), 592.1ms(z=5.3), 600.1ms(z=4.8), 515.4ms(z=4.6)
08-20 11:43:52.835 25679 27347 I SyncCalibrator: probe capture 2/3…
08-20 11:44:05.506 25679 27347 I SyncCalibrator: peaks: 289.0ms(z=12.0), 357.7ms(z=9.3), 337.5ms(z=8.5), 296.5ms(z=7.9), 569.7ms(z=6.7), 3361.7ms(z=5.7), 517.4ms(z=5.1), 537.8ms(z=4.8), 3321.5ms(z=4.8), 3433.5ms(z=4.5), 542.5ms(z=4.5), 3302.1ms(z=4.4)
08-20 11:44:05.602 25679 27347 I SyncCalibrator: probe capture 3/3…
08-20 11:44:18.248 25679 27347 I SyncCalibrator: peaks: 303.6ms(z=11.5), 343.2ms(z=9.0), 367.1ms(z=8.5), 290.3ms(z=8.2), 1174.8ms(z=5.8), 37.8ms(z=5.8), 76.8ms(z=5.2), 57.5ms(z=4.9), 12.6ms(z=4.9), 1124.5ms(z=4.6), 1191.0ms(z=4.5), 1104.3ms(z=4.3)
08-20 11:44:18.631 25679 27347 I SyncCalibrator: ONEPLUS A3003 [S]: probe samples=[-21] weights=[9] weighted-median=-21ms
08-20 11:44:18.631 25679 27347 I SyncCalibrator: pair PFFM10 [S]/ONEPLUS A3003 [S]: delta=-21ms latency -60 -> -81
08-20 11:44:25.638 25679 28935 I SyncCalibrator: ONEPLUS A3003 [S]: sync used a boost — re-reading levels at the real volumes…
08-20 11:44:38.332 25679 28935 I SyncCalibrator: peaks: 107.0ms(z=11.0), 111.0ms(z=9.5), 140.3ms(z=8.5), 161.8ms(z=8.1), 1449.6ms(z=6.8), 3758.1ms(z=6.0), 3791.0ms(z=4.8), 1497.3ms(z=4.6), 1485.8ms(z=4.4), 1463.3ms(z=4.4), 3799.5ms(z=4.0), 3750.6ms(z=4.0)
08-20 11:44:38.332 25679 28935 I SyncCalibrator: ONEPLUS A3003 [S]: probing for levels…
08-20 11:44:38.332 25679 28935 I SyncCalibrator: balance: levels-only probe PFFM10 [S]→-90ms ONEPLUS A3003 [S]→-530ms (offsets 90/470, expected spacing 359ms from a standing -21ms)
08-20 11:44:58.009 25679 27347 I SyncCalibrator: peaks: 197.4ms(z=13.8), 212.8ms(z=10.2), 203.9ms(z=9.4), 247.4ms(z=8.5), 1548.2ms(z=5.7), 856.2ms(z=5.6), 1500.4ms(z=4.6), 1582.8ms(z=4.3), 1524.6ms(z=4.2), 844.1ms(z=4.2), 808.6ms(z=4.1), 780.3ms(z=4.0)
08-20 11:44:58.136 25679 27347 I SyncCalibrator: balance: levels-only capture 0 could not identify the pair — at their real volumes one speaker is under the floor
08-20 11:44:58.136 25679 27347 I SyncCalibrator: levels capture 2/6…
08-20 11:45:10.835 25679 27347 I SyncCalibrator: peaks: 203.5ms(z=9.4), 601.7ms(z=8.4), 195.9ms(z=8.1), 209.8ms(z=7.4), 592.5ms(z=6.7), 226.2ms(z=6.6), 2554.5ms(z=5.8), 623.8ms(z=5.4), 2580.7ms(z=4.5), 2605.3ms(z=4.4), 645.0ms(z=4.4), 2484.9ms(z=4.1)
08-20 11:45:10.963 25679 27347 I SyncCalibrator: levels capture 3/6…
08-20 11:45:23.627 25679 27347 I SyncCalibrator: peaks: 227.5ms(z=6.8), 203.2ms(z=6.5), 191.7ms(z=6.5), 275.7ms(z=6.5), 642.2ms(z=6.4), 2866.1ms(z=6.2), 612.3ms(z=5.7), 573.5ms(z=5.7), 606.4ms(z=5.2), 2912.9ms(z=5.2), 2820.0ms(z=5.0), 2919.9ms(z=4.8)
08-20 11:45:23.627 25679 27347 I SyncCalibrator: measurement inconclusive, retrying…
08-20 11:45:44.307 25679 28356 I SyncCalibrator: peaks: 219.5ms(z=8.8), 209.6ms(z=8.4), 281.9ms(z=7.8), 199.5ms(z=7.8), 652.3ms(z=6.1), 68.2ms(z=6.0), 632.9ms(z=6.0), 110.7ms(z=5.8), 582.3ms(z=5.5), 596.2ms(z=5.4), 53.0ms(z=5.3), 139.7ms(z=5.1)
08-20 11:45:44.308 25679 28356 I SyncCalibrator: levels capture 4/6…
08-20 11:45:56.981 25679 28356 I SyncCalibrator: peaks: 215.5ms(z=7.8), 251.6ms(z=7.6), 208.8ms(z=7.2), 199.8ms(z=6.9), 2905.8ms(z=6.6), 2913.2ms(z=6.4), 2191.4ms(z=5.7), 2876.0ms(z=5.3), 2926.5ms(z=5.3), 2245.0ms(z=4.7), 2256.8ms(z=4.3), 2152.9ms(z=4.2)
08-20 11:45:56.981 25679 28356 I SyncCalibrator: measurement inconclusive, retrying…
08-20 11:46:17.666 25679 27347 I SyncCalibrator: peaks: 203.3ms(z=6.8), 192.6ms(z=6.6), 220.8ms(z=6.3), 247.3ms(z=6.1), 2877.6ms(z=5.7), 1028.3ms(z=5.6), 995.2ms(z=5.0), 1040.4ms(z=4.9), 2815.5ms(z=4.9), 2914.9ms(z=4.8), 2898.3ms(z=4.5), 1065.2ms(z=4.5)
08-20 11:46:17.666 25679 27347 I SyncCalibrator: levels capture 5/6…
08-20 11:46:30.337 25679 27347 I SyncCalibrator: peaks: 229.7ms(z=9.5), 2946.2ms(z=7.6), 198.6ms(z=7.6), 2907.1ms(z=7.4), 2902.3ms(z=6.8), 2875.1ms(z=6.7), 591.4ms(z=6.6), 587.0ms(z=6.3), 194.0ms(z=6.3), 206.5ms(z=6.1), 615.1ms(z=5.2), 598.4ms(z=5.0)
08-20 11:46:30.337 25679 27347 I SyncCalibrator: balance: levels-only capture 4 could not identify the pair — at their real volumes one speaker is under the floor
08-20 11:46:30.337 25679 27347 I SyncCalibrator: levels capture 6/6…
08-20 11:46:42.997 25679 27347 I SyncCalibrator: peaks: 277.0ms(z=6.8), 324.3ms(z=6.8), 215.1ms(z=6.8), 291.4ms(z=6.4), 3871.8ms(z=6.0), 32.8ms(z=6.0), 24.9ms(z=5.7), 3879.1ms(z=4.9), 10.4ms(z=4.7), 3830.7ms(z=4.6), 3943.6ms(z=4.4), 15.5ms(z=4.3)
08-20 11:46:42.997 25679 27347 I SyncCalibrator: measurement inconclusive, retrying…
08-20 11:47:03.661 25679 28356 I SyncCalibrator: peaks: 202.1ms(z=9.4), 195.8ms(z=8.4), 208.9ms(z=7.3), 232.1ms(z=7.1), 2308.6ms(z=5.8), 2041.8ms(z=5.6), 1991.1ms(z=4.8), 2032.3ms(z=4.8), 2005.5ms(z=4.4), 2234.4ms(z=4.3), 2342.4ms(z=4.3), 2347.0ms(z=4.1)
08-20 11:47:03.787 25679 28356 I SyncCalibrator: balance: levels-only capture 5 could not identify the pair — at their real volumes one speaker is under the floor
08-20 11:47:03.850 25679 28356 I SyncCalibrator: level capture 0: PFFM10 [S]@203.5ms=1.427e-05 ONEPLUS A3003 [S]@559.7ms=6.187e-06 delta=-7.3dB (anchored on PFFM10 [S], spacing 359ms, seed 389ms)
08-20 11:47:03.853 25679 27116 I SyncCalibrator: balance: levels-only round for ONEPLUS A3003 [S] harvested 1 capture(s)
08-20 11:47:03.854 25679 27116 I SyncCalibrator: done: ONEPLUS A3003 [S]: already aligned (Δ-21ms within deadband)
08-20 11:47:03.858 25679 27116 I SyncCalibrator: balance: capture 0 PFFM10 [S]=1.00(raw=1.427e-05), ONEPLUS A3003 [S]=0.43(raw=6.187e-06)
08-20 11:47:03.858 25679 27116 I SyncCalibrator: balance: 71930978-3389-442e-ad7e-ea82c03f54e1 DECLINED — only 1 of 1 capture(s) agree within 3.0dB of the median +3.6dB (+3.6 dB); need 3
08-20 11:47:03.859 25679 27116 I SyncCalibrator: balance: b2c1e902-5d92-4de7-a60b-725d16164bf4 DECLINED — only 1 of 1 capture(s) agree within 3.0dB of the median -3.6dB (-3.6 dB); need 3
08-20 11:47:03.859 25679 27116 I SyncCalibrator: balance: skipped — only 0 client(s) measured at least 3 time(s) unboosted (1 usable capture(s))
08-20 11:48:15.598 25679 28356 I SyncCalibrator: track:  | Lemongrass - La Nuit
08-20 11:48:15.599 25679 27355 I SyncCalibrator: priming reference ring (16s)…
08-20 11:48:31.600 25679 28356 I SyncCalibrator: measuring baseline (PFFM10 [S] vs ONEPLUS A3003 [S])…
08-20 11:48:44.271 25679 28356 I SyncCalibrator: peaks: 106.8ms(z=12.5), 101.4ms(z=12.4), 147.8ms(z=11.4), 122.3ms(z=8.8), 180.3ms(z=7.3), 200.6ms(z=7.2), 258.5ms(z=7.1), 244.4ms(z=7.0), 475.8ms(z=6.7), 452.7ms(z=5.5), 550.0ms(z=4.9), 501.8ms(z=4.8)
08-20 11:48:44.271 25679 28356 I SyncCalibrator: baseline capture 2/3…
08-20 11:48:56.936 25679 28356 I SyncCalibrator: peaks: 160.2ms(z=9.6), 116.0ms(z=9.5), 105.7ms(z=9.2), 131.5ms(z=8.9), 538.0ms(z=6.6), 844.4ms(z=6.4), 472.8ms(z=6.0), 550.7ms(z=5.7), 467.7ms(z=5.6), 799.7ms(z=5.0), 923.2ms(z=5.0), 775.7ms(z=4.9)
08-20 11:48:56.936 25679 28356 I SyncCalibrator: baseline capture 3/3…
08-20 11:49:09.593 25679 28356 I SyncCalibrator: peaks: 123.8ms(z=10.3), 129.5ms(z=8.8), 107.4ms(z=8.2), 111.8ms(z=7.6), 890.2ms(z=6.6), 1415.7ms(z=6.2), 860.5ms(z=5.1), 867.3ms(z=4.8), 1438.0ms(z=4.7), 1406.4ms(z=4.7), 963.8ms(z=4.6), 1389.2ms(z=4.1)
08-20 11:49:09.593 25679 28356 I SyncCalibrator: probing PFFM10 [S] + ONEPLUS A3003 [S]…
08-20 11:49:29.259 25679 28934 I SyncCalibrator: peaks: 198.0ms(z=10.0), 224.2ms(z=8.1), 247.9ms(z=8.1), 191.8ms(z=7.9), 605.3ms(z=7.3), 1006.3ms(z=7.1), 673.0ms(z=6.4), 637.8ms(z=6.2), 943.1ms(z=6.0), 612.2ms(z=5.9), 1010.8ms(z=5.4), 1044.3ms(z=5.0)
08-20 11:49:29.260 25679 28934 I SyncCalibrator: probe capture 2/6…
08-20 11:49:41.925 25679 28934 I SyncCalibrator: peaks: 197.3ms(z=11.3), 190.5ms(z=10.4), 213.1ms(z=10.1), 217.3ms(z=9.1), 591.9ms(z=7.4), 576.2ms(z=7.1), 558.3ms(z=6.3), 361.6ms(z=6.2), 314.3ms(z=6.2), 608.1ms(z=5.9), 330.3ms(z=5.5), 301.8ms(z=5.5)
08-20 11:49:41.926 25679 28934 I SyncCalibrator: probe capture 3/6…
08-20 11:49:54.586 25679 28934 I SyncCalibrator: peaks: 200.3ms(z=20.2), 224.6ms(z=9.6), 217.3ms(z=8.7), 236.6ms(z=8.3), 1700.3ms(z=8.2), 650.0ms(z=7.8), 583.2ms(z=7.4), 589.1ms(z=6.9), 624.5ms(z=6.3), 1776.2ms(z=6.2), 1738.1ms(z=6.1), 1692.6ms(z=6.0)
08-20 11:49:54.587 25679 28934 I SyncCalibrator: probe capture 4/6…
08-20 11:49:54.587 25679 28934 I SyncCalibrator: ONEPLUS A3003 [S]: abandoning the harvest round's remaining 3 capture(s) — 3 probes produced no attribution and no rescue candidate, and the extra captures exist only to feed levels this round can no longer harvest
08-20 11:49:54.588 25679 28934 W SyncCalibrator: pair ONEPLUS A3003 [S] failed: reference speaker PFFM10 [S] was not found at its expected probe position (baseline+90ms) — it is masked below the shared-capture correlation floor. Its solo level is fine; do not raise volumes. (rescue candidates=0, timeline drift 0ms) — restoring latency -60
08-20 11:49:54.589 25679 27347 I SyncCalibrator: ONEPLUS A3003 [S]: reference speaker PFFM10 [S] was not found at its expected probe position (baseline+90ms) — it is masked below the shared-capture correlation floor. Its solo level is fine; do not raise volumes. (rescue candidates=0, timeline drift 0ms)
08-20 11:49:54.590 25679 27347 I SyncCalibrator: ONEPLUS A3003 [S]: retrying with a 60% detectability boost
08-20 11:49:54.590 25679 27347 I SyncCalibrator: boosting device volume for detectability (2 speaker(s))
08-20 11:50:01.599 25679 27347 I SyncCalibrator: measuring baseline (PFFM10 [S] vs ONEPLUS A3003 [S])…
08-20 11:50:14.271 25679 27347 I SyncCalibrator: peaks: 110.7ms(z=14.3), 126.9ms(z=11.2), 118.0ms(z=11.2), 150.7ms(z=9.7), 1635.5ms(z=7.9), 3160.7ms(z=6.8), 1646.3ms(z=6.7), 1627.3ms(z=5.9), 1606.3ms(z=5.8), 3131.8ms(z=5.7), 3105.2ms(z=5.6), 3120.5ms(z=5.1)
08-20 11:50:14.271 25679 27347 I SyncCalibrator: baseline capture 2/3…
08-20 11:50:26.922 25679 27347 I SyncCalibrator: peaks: 113.0ms(z=15.7), 106.8ms(z=13.2), 135.4ms(z=12.5), 152.4ms(z=11.6), 3148.1ms(z=10.7), 3108.0ms(z=9.1), 1608.4ms(z=8.8), 3165.4ms(z=8.4), 3173.6ms(z=7.8), 1604.2ms(z=6.8), 1626.0ms(z=5.6), 1645.2ms(z=5.5)
08-20 11:50:26.922 25679 27347 I SyncCalibrator: baseline capture 3/3…
08-20 11:50:39.556 25679 27347 I SyncCalibrator: peaks: 100.3ms(z=10.4), 132.1ms(z=9.6), 1601.8ms(z=9.6), 108.2ms(z=9.3), 149.4ms(z=9.0), 3108.9ms(z=8.2), 3122.3ms(z=6.1), 1608.2ms(z=5.8), 1634.2ms(z=5.6), 3149.8ms(z=5.5), 1640.1ms(z=5.5), 3187.2ms(z=5.3)
08-20 11:50:39.556 25679 27347 I SyncCalibrator: probing PFFM10 [S] + ONEPLUS A3003 [S]…
08-20 11:50:59.220 25679 28356 I SyncCalibrator: peaks: 282.0ms(z=13.3), 240.5ms(z=10.1), 3225.3ms(z=8.6), 308.6ms(z=8.3), 1687.0ms(z=8.2), 3188.0ms(z=8.0), 222.9ms(z=6.9), 1757.7ms(z=5.8), 3246.8ms(z=5.7), 1706.2ms(z=5.4), 3281.6ms(z=5.4), 1724.3ms(z=5.4)
08-20 11:50:59.223 25679 28356 I SyncCalibrator: probe capture 2/3…
08-20 11:51:11.893 25679 28356 I SyncCalibrator: peaks: 203.8ms(z=12.5), 191.8ms(z=11.9), 3188.0ms(z=11.3), 216.0ms(z=9.8), 182.5ms(z=8.0), 3196.0ms(z=7.2), 3183.6ms(z=6.8), 1687.4ms(z=6.8), 1693.0ms(z=6.4), 3203.0ms(z=6.4), 1711.3ms(z=5.0), 1738.0ms(z=4.7)
08-20 11:51:11.901 25679 28356 I SyncCalibrator: probe capture 3/3…
08-20 11:51:24.557 25679 28356 I SyncCalibrator: peaks: 199.9ms(z=13.5), 211.2ms(z=13.0), 217.2ms(z=12.0), 245.9ms(z=11.2), 429.2ms(z=7.0), 355.4ms(z=6.0), 3216.8ms(z=6.0), 407.6ms(z=5.7), 3200.8ms(z=5.5), 373.3ms(z=5.2), 3196.5ms(z=4.9), 3247.8ms(z=4.9)
08-20 11:51:24.564 25679 28356 I SyncCalibrator: ONEPLUS A3003 [S]: probe samples=[-48, -48, -48] weights=[10, 10, 10] weighted-median=-48ms
08-20 11:51:24.564 25679 28356 I SyncCalibrator: pair PFFM10 [S]/ONEPLUS A3003 [S]: delta=-48ms latency -60 -> -108
08-20 11:51:24.564 25679 28356 I SyncCalibrator: applying -108ms to ONEPLUS A3003 [S], verifying…
08-20 11:51:44.246 25679 27355 I SyncCalibrator: peaks: 155.5ms(z=7.5), 112.3ms(z=6.7), 98.6ms(z=6.6), 2204.6ms(z=6.4), 168.3ms(z=6.3), 2932.7ms(z=5.6), 2143.6ms(z=4.8), 2279.2ms(z=4.6), 2869.2ms(z=4.4), 2155.3ms(z=4.4), 2971.1ms(z=4.2), 2907.8ms(z=4.1)
08-20 11:51:44.247 25679 27355 I SyncCalibrator: measurement inconclusive, retrying…
08-20 11:52:04.893 25679 27347 I SyncCalibrator: peaks: 123.3ms(z=8.4), 109.7ms(z=8.1), 127.7ms(z=7.9), 176.4ms(z=7.9), 3568.6ms(z=5.8), 1190.8ms(z=5.8), 1233.6ms(z=4.8), 3587.4ms(z=4.7), 1260.2ms(z=4.5), 1114.8ms(z=4.2), 3634.2ms(z=4.1), 3611.0ms(z=4.1)
08-20 11:52:04.893 25679 27347 W SyncCalibrator: pair ONEPLUS A3003 [S] failed: verify baseline failed — restoring latency -60
08-20 11:52:04.894 25679 27347 I SyncCalibrator: ONEPLUS A3003 [S]: verify baseline failed
08-20 11:52:04.895 25679 27347 I SyncCalibrator: ONEPLUS A3003 [S]: retrying with a 75% detectability boost
08-20 11:52:04.895 25679 27347 I SyncCalibrator: boosting ONEPLUS A3003 [S] to 75% for detectability
08-20 11:52:04.896 25679 27347 I SyncCalibrator: boosting device volume for detectability (1 speaker(s))
08-20 11:52:11.901 25679 27355 I SyncCalibrator: measuring baseline (PFFM10 [S] vs ONEPLUS A3003 [S])…
08-20 11:52:24.562 25679 27355 I SyncCalibrator: peaks: 164.3ms(z=9.4), 205.3ms(z=8.9), 191.3ms(z=8.8), 158.4ms(z=8.8), 3191.4ms(z=6.5), 3183.4ms(z=6.4), 1721.1ms(z=6.2), 1709.1ms(z=6.1), 1773.8ms(z=5.8), 1744.3ms(z=5.6), 3220.3ms(z=5.5), 3197.8ms(z=5.1)
08-20 11:52:24.562 25679 27355 I SyncCalibrator: baseline capture 2/3…
08-20 11:52:35.722 25679 28356 I SyncCalibrator: track:  | Nacho Sotomayor - I believe (Newey Instrumentals Mix)
08-20 11:52:37.223 25679 27355 I SyncCalibrator: peaks: 103.3ms(z=24.2), 112.8ms(z=21.4), 98.8ms(z=18.2), 179.8ms(z=14.1), 184.0ms(z=10.7), 192.3ms(z=7.7), 210.8ms(z=7.5), 3120.1ms(z=6.4), 3128.0ms(z=4.8), 3102.5ms(z=4.6), 3182.8ms(z=4.4)
08-20 11:52:37.223 25679 27355 I SyncCalibrator: baseline capture 3/3…
08-20 11:52:49.890 25679 27355 I SyncCalibrator: peaks: 127.1ms(z=11.7), 3877.0ms(z=10.9), 111.9ms(z=9.9), 121.3ms(z=9.3), 102.2ms(z=9.1), 3530.2ms(z=9.0), 3830.9ms(z=8.9), 3540.7ms(z=8.5), 3858.2ms(z=8.3), 3566.2ms(z=8.2), 3468.3ms(z=7.8), 3870.4ms(z=7.5)
08-20 11:52:49.890 25679 27355 I SyncCalibrator: probing PFFM10 [S] + ONEPLUS A3003 [S]…
08-20 11:53:09.571 25679 27346 I SyncCalibrator: peaks: 287.3ms(z=10.2), 354.2ms(z=8.9), 328.3ms(z=8.0), 226.3ms(z=7.9), 1253.7ms(z=5.8), 2321.2ms(z=5.6), 1291.0ms(z=5.1), 1303.6ms(z=5.0), 1198.1ms(z=4.7), 2300.0ms(z=4.2), 2289.4ms(z=4.2), 2274.2ms(z=4.0)
08-20 11:53:10.011 25679 27346 I SyncCalibrator: probe capture 2/3…
08-20 11:53:22.675 25679 27346 I SyncCalibrator: peaks: 192.8ms(z=10.6), 332.1ms(z=8.6), 200.8ms(z=8.0), 182.8ms(z=7.9), 308.4ms(z=7.7), 300.4ms(z=7.1), 262.8ms(z=7.1), 290.1ms(z=7.1), 714.7ms(z=6.8), 775.3ms(z=6.1), 635.9ms(z=4.4), 792.8ms(z=4.4)
08-20 11:53:22.676 25679 27346 I SyncCalibrator: probe capture 3/3…
08-20 11:53:35.340 25679 27346 I SyncCalibrator: peaks: 196.2ms(z=12.1), 310.4ms(z=10.2), 321.3ms(z=9.9), 306.3ms(z=9.0), 360.8ms(z=8.6), 229.2ms(z=6.5), 266.2ms(z=6.4), 208.8ms(z=6.2), 2020.5ms(z=6.1), 2029.2ms(z=4.5), 1959.0ms(z=4.3), 1950.8ms(z=4.1)
08-20 11:53:35.344 25679 27346 I SyncCalibrator: ONEPLUS A3003 [S]: probe samples=[-79, 24] weights=[10, 10] weighted-median=24ms
08-20 11:53:35.344 25679 27346 I SyncCalibrator: pair PFFM10 [S]/ONEPLUS A3003 [S]: delta=24ms latency -60 -> -36
08-20 11:53:42.348 25679 27347 I SyncCalibrator: ONEPLUS A3003 [S]: sync used a boost — re-reading levels at the real volumes…
08-20 11:53:55.011 25679 27347 I SyncCalibrator: peaks: 105.2ms(z=17.6), 121.8ms(z=13.7), 128.2ms(z=13.6), 141.3ms(z=11.4), 1716.9ms(z=6.5), 252.3ms(z=6.3), 318.5ms(z=5.8), 332.3ms(z=5.8), 267.6ms(z=5.3), 1679.5ms(z=4.5), 1675.1ms(z=4.3), 1748.9ms(z=4.2)
08-20 11:53:55.011 25679 27347 I SyncCalibrator: ONEPLUS A3003 [S]: probing for levels…
08-20 11:53:55.011 25679 27347 I SyncCalibrator: balance: levels-only probe PFFM10 [S]→-90ms ONEPLUS A3003 [S]→-530ms (offsets 90/470, expected spacing 404ms from a standing 24ms)
08-20 11:54:14.681 25679 27347 I SyncCalibrator: peaks: 589.4ms(z=10.5), 263.5ms(z=9.6), 226.9ms(z=8.5), 201.7ms(z=7.8), 622.4ms(z=7.8), 598.8ms(z=7.7), 246.9ms(z=7.6), 614.2ms(z=7.3), 1278.5ms(z=6.4), 1306.0ms(z=4.5), 1213.6ms(z=4.5), 1326.4ms(z=4.3)
08-20 11:54:14.839 25679 27347 I SyncCalibrator: levels capture 2/6…
08-20 11:54:27.520 25679 27347 I SyncCalibrator: peaks: 207.8ms(z=7.7), 197.9ms(z=7.6), 264.9ms(z=7.4), 214.3ms(z=7.1), 632.5ms(z=6.9), 592.6ms(z=6.1), 649.6ms(z=5.6), 458.1ms(z=5.6), 586.7ms(z=5.6), 482.8ms(z=5.0), 464.3ms(z=4.6), 399.1ms(z=4.6)
08-20 11:54:27.520 25679 27347 I SyncCalibrator: measurement inconclusive, retrying…
08-20 11:54:48.203 25679 28356 I SyncCalibrator: peaks: 198.6ms(z=10.4), 222.3ms(z=8.7), 202.9ms(z=8.1), 208.3ms(z=8.0), 2841.7ms(z=5.9), 581.7ms(z=5.5), 598.4ms(z=5.0), 659.5ms(z=4.6), 2885.5ms(z=4.5), 628.7ms(z=4.5), 2856.3ms(z=4.5), 2895.6ms(z=4.4)
08-20 11:54:48.363 25679 28356 I SyncCalibrator: balance: levels-only capture 1 could not identify the pair — at their real volumes one speaker is under the floor
08-20 11:54:48.363 25679 28356 I SyncCalibrator: levels capture 3/6…
08-20 11:55:01.006 25679 28356 I SyncCalibrator: peaks: 202.8ms(z=13.3), 238.8ms(z=9.0), 220.5ms(z=7.9), 210.0ms(z=7.5), 473.0ms(z=6.0), 984.3ms(z=5.9), 480.8ms(z=5.0), 948.5ms(z=4.9), 1050.2ms(z=4.5), 430.4ms(z=4.5), 1031.3ms(z=4.2), 530.4ms(z=4.2)
08-20 11:55:01.165 25679 28356 I SyncCalibrator: balance: levels-only capture 2 could not identify the pair — at their real volumes one speaker is under the floor
08-20 11:55:01.165 25679 28356 I SyncCalibrator: levels capture 4/6…
08-20 11:55:13.836 25679 28356 I SyncCalibrator: peaks: 231.8ms(z=9.7), 195.0ms(z=9.3), 203.9ms(z=9.0), 216.1ms(z=8.3), 659.7ms(z=6.7), 1817.9ms(z=6.1), 665.3ms(z=5.9), 596.8ms(z=5.6), 586.6ms(z=5.6), 1805.3ms(z=4.9), 1755.4ms(z=4.2), 1776.7ms(z=4.1)
08-20 11:55:13.994 25679 28356 I SyncCalibrator: levels capture 5/6…
08-20 11:55:26.655 25679 28356 I SyncCalibrator: peaks: 611.6ms(z=9.7), 204.8ms(z=9.3), 233.2ms(z=8.9), 213.3ms(z=8.6), 228.1ms(z=8.6), 601.8ms(z=7.4), 989.5ms(z=7.3), 592.6ms(z=6.7), 606.7ms(z=6.2), 978.4ms(z=5.4), 982.7ms(z=5.1), 1023.5ms(z=4.4)
08-20 11:55:26.655 25679 28356 I SyncCalibrator: levels capture 6/6…
08-20 11:55:39.300 25679 28356 I SyncCalibrator: peaks: 203.3ms(z=22.0), 207.5ms(z=12.5), 193.3ms(z=11.5), 219.6ms(z=10.9), 598.3ms(z=10.2), 609.2ms(z=9.1), 626.9ms(z=7.1), 637.8ms(z=6.3), 817.4ms(z=6.0), 797.0ms(z=4.7), 762.5ms(z=4.7), 743.3ms(z=4.3)
08-20 11:55:39.365 25679 28356 I SyncCalibrator: level capture 0: PFFM10 [S]@201.7ms=2.258e-05 ONEPLUS A3003 [S]@589.4ms=1.939e-05 delta=-1.3dB (anchored on ONEPLUS A3003 [S], spacing 404ms, seed 363ms)
08-20 11:55:39.432 25679 28356 I SyncCalibrator: level capture 1: PFFM10 [S]@195.0ms=2.601e-05 ONEPLUS A3003 [S]@576.9ms=1.610e-05 delta=-4.2dB (anchored on PFFM10 [S], spacing 404ms, seed 382ms)
08-20 11:55:39.488 25679 28356 I SyncCalibrator: level capture 2: PFFM10 [S]@204.8ms=2.368e-05 ONEPLUS A3003 [S]@611.6ms=1.701e-05 delta=-2.9dB (anchored on ONEPLUS A3003 [S], spacing 404ms, seed 407ms)
08-20 11:55:39.551 25679 28356 I SyncCalibrator: level capture 3: PFFM10 [S]@203.3ms=5.980e-05 ONEPLUS A3003 [S]@598.3ms=2.065e-05 delta=-9.2dB (anchored on PFFM10 [S], spacing 404ms, seed 416ms)
08-20 11:55:39.554 25679 27347 I SyncCalibrator: balance: levels-only round for ONEPLUS A3003 [S] harvested 4 capture(s)
08-20 11:55:39.554 25679 27347 I SyncCalibrator: done: ONEPLUS A3003 [S]: already aligned (Δ24ms within deadband)
08-20 11:55:39.557 25679 27347 I SyncCalibrator: balance: capture 0 PFFM10 [S]=1.00(raw=2.258e-05), ONEPLUS A3003 [S]=0.86(raw=1.939e-05)
08-20 11:55:39.558 25679 27347 I SyncCalibrator: balance: capture 1 PFFM10 [S]=1.00(raw=2.601e-05), ONEPLUS A3003 [S]=0.62(raw=1.610e-05)
08-20 11:55:39.559 25679 27347 I SyncCalibrator: balance: capture 2 PFFM10 [S]=1.00(raw=2.368e-05), ONEPLUS A3003 [S]=0.72(raw=1.701e-05)
08-20 11:55:39.560 25679 27347 I SyncCalibrator: balance: capture 3 PFFM10 [S]=1.00(raw=5.980e-05), ONEPLUS A3003 [S]=0.35(raw=2.065e-05)
08-20 11:55:39.562 25679 27347 I SyncCalibrator: balance: 71930978-3389-442e-ad7e-ea82c03f54e1 level +1.8dB from 4/4 agreeing capture(s) (spread 4.0dB)
08-20 11:55:39.563 25679 27347 I SyncCalibrator: balance: b2c1e902-5d92-4de7-a60b-725d16164bf4 level -1.8dB from 4/4 agreeing capture(s) (spread 4.0dB)
08-20 11:55:39.565 25679 27347 I SyncCalibrator: balance: levels PFFM10 [S]=1.00, ONEPLUS A3003 [S]=0.67 volumes {71930978-3389-442e-ad7e-ea82c03f54e1=90, b2c1e902-5d92-4de7-a60b-725d16164bf4=60} -> {71930978-3389-442e-ad7e-ea82c03f54e1=100, b2c1e902-5d92-4de7-a60b-725d16164bf4=79}
